{
    "dna+rna fastq -> sorted indexed bam": {
        "content": [
            [
                "dna_test",
                "rna_test"
            ]
        ],
        "timestamp": "2026-06-17T22:40:52.810733064",
        "meta": {
            "nf-test": "0.9.5",
            "nextflow": "25.10.4"
        }
    }
}