{
    "-profile test_arcashla": {
        "content": [
            4,
            {
                "ARCASHLA_GENOTYPE": {
                    "arcashla": "0.6.0"
                },
                "ARCASHLA_REFERENCE": {
                    "arcashla": "0.6.0"
                },
                "FASTQC": {
                    "fastqc": "0.12.1"
                },
                "Workflow": {
                    "nf-core/hlatyping": "v2.2.0"
                }
            },
            [
                "arcashla",
                "arcashla/SAMPLE_RNA",
                "arcashla/SAMPLE_RNA/CRC_81_N_1_fished.genes.json",
                "arcashla/SAMPLE_RNA/CRC_81_N_1_fished.genotype.json",
                "arcashla/reference",
                "arcashla/reference/reference",
                "arcashla/reference/reference/IMGTHLA",
                "arcashla/reference/reference/IMGTHLA/.git",
                "arcashla/reference/reference/IMGTHLA/.git/HEAD",
                "arcashla/reference/reference/IMGTHLA/.git/config",
                "arcashla/reference/reference/IMGTHLA/.git/description",
                "arcashla/reference/reference/IMGTHLA/.git/hooks",
                "arcashla/reference/reference/IMGTHLA/.git/hooks/applypatch-msg.sample",
                "arcashla/reference/reference/IMGTHLA/.git/hooks/commit-msg.sample",
                "arcashla/reference/reference/IMGTHLA/.git/hooks/fsmonitor-watchman.sample",
                "arcashla/reference/reference/IMGTHLA/.git/hooks/post-update.sample",
                "arcashla/reference/reference/IMGTHLA/.git/hooks/pre-applypatch.sample",
                "arcashla/reference/reference/IMGTHLA/.git/hooks/pre-commit.sample",
                "arcashla/reference/reference/IMGTHLA/.git/hooks/pre-merge-commit.sample",
                "arcashla/reference/reference/IMGTHLA/.git/hooks/pre-push.sample",
                "arcashla/reference/reference/IMGTHLA/.git/hooks/pre-rebase.sample",
                "arcashla/reference/reference/IMGTHLA/.git/hooks/pre-receive.sample",
                "arcashla/reference/reference/IMGTHLA/.git/hooks/prepare-commit-msg.sample",
                "arcashla/reference/reference/IMGTHLA/.git/hooks/push-to-checkout.sample",
                "arcashla/reference/reference/IMGTHLA/.git/hooks/sendemail-validate.sample",
                "arcashla/reference/reference/IMGTHLA/.git/hooks/update.sample",
                "arcashla/reference/reference/IMGTHLA/.git/index",
                "arcashla/reference/reference/IMGTHLA/.git/info",
                "arcashla/reference/reference/IMGTHLA/.git/info/exclude",
                "arcashla/reference/reference/IMGTHLA/.git/logs",
                "arcashla/reference/reference/IMGTHLA/.git/logs/HEAD",
                "arcashla/reference/reference/IMGTHLA/.git/logs/refs",
                "arcashla/reference/reference/IMGTHLA/.git/logs/refs/heads",
                "arcashla/reference/reference/IMGTHLA/.git/logs/refs/heads/Latest",
                "arcashla/reference/reference/IMGTHLA/.git/logs/refs/remotes",
                "arcashla/reference/reference/IMGTHLA/.git/logs/refs/remotes/origin",
                "arcashla/reference/reference/IMGTHLA/.git/logs/refs/remotes/origin/HEAD",
                "arcashla/reference/reference/IMGTHLA/.git/objects",
                "arcashla/reference/reference/IMGTHLA/.git/objects/info",
                "arcashla/reference/reference/IMGTHLA/.git/objects/pack",
                "arcashla/reference/reference/IMGTHLA/.git/objects/pack/pack-d1c9977720dbc540c712f998a5130b2d8210a64d.idx",
                "arcashla/reference/reference/IMGTHLA/.git/objects/pack/pack-d1c9977720dbc540c712f998a5130b2d8210a64d.pack",
                "arcashla/reference/reference/IMGTHLA/.git/objects/pack/pack-d1c9977720dbc540c712f998a5130b2d8210a64d.rev",
                "arcashla/reference/reference/IMGTHLA/.git/packed-refs",
                "arcashla/reference/reference/IMGTHLA/.git/refs",
                "arcashla/reference/reference/IMGTHLA/.git/refs/heads",
                "arcashla/reference/reference/IMGTHLA/.git/refs/heads/Latest",
                "arcashla/reference/reference/IMGTHLA/.git/refs/remotes",
                "arcashla/reference/reference/IMGTHLA/.git/refs/remotes/origin",
                "arcashla/reference/reference/IMGTHLA/.git/refs/remotes/origin/HEAD",
                "arcashla/reference/reference/IMGTHLA/.git/refs/tags",
                "arcashla/reference/reference/IMGTHLA/.git/refs/tags/v3.63.0-alpha",
                "arcashla/reference/reference/IMGTHLA/.git/shallow",
                "arcashla/reference/reference/IMGTHLA/.gitattributes",
                "arcashla/reference/reference/IMGTHLA/.github",
                "arcashla/reference/reference/IMGTHLA/.github/FUNDING.yml",
                "arcashla/reference/reference/IMGTHLA/Alignments_Rel_3630.zip",
                "arcashla/reference/reference/IMGTHLA/Allele_status.txt",
                "arcashla/reference/reference/IMGTHLA/Allelelist.txt",
                "arcashla/reference/reference/IMGTHLA/Allelelist_history.txt",
                "arcashla/reference/reference/IMGTHLA/Deleted_alleles.txt",
                "arcashla/reference/reference/IMGTHLA/LICENCE.md",
                "arcashla/reference/reference/IMGTHLA/Manual.md",
                "arcashla/reference/reference/IMGTHLA/Nomenclature_2009.txt",
                "arcashla/reference/reference/IMGTHLA/README.md",
                "arcashla/reference/reference/IMGTHLA/alignments",
                "arcashla/reference/reference/IMGTHLA/alignments/A_gen.txt",
                "arcashla/reference/reference/IMGTHLA/alignments/A_nuc.txt",
                "arcashla/reference/reference/IMGTHLA/alignments/A_prot.txt",
                "arcashla/reference/reference/IMGTHLA/alignments/B_gen.txt",
                "arcashla/reference/reference/IMGTHLA/alignments/B_nuc.txt",
                "arcashla/reference/reference/IMGTHLA/alignments/B_prot.txt",
                "arcashla/reference/reference/IMGTHLA/alignments/C_gen.txt",
                "arcashla/reference/reference/IMGTHLA/alignments/C_nuc.txt",
                "arcashla/reference/reference/IMGTHLA/alignments/C_prot.txt",
                "arcashla/reference/reference/IMGTHLA/alignments/ClassI_nuc.txt",
                "arcashla/reference/reference/IMGTHLA/alignments/ClassI_prot.txt",
                "arcashla/reference/reference/IMGTHLA/alignments/DMA_gen.txt",
                "arcashla/reference/reference/IMGTHLA/alignments/DMA_nuc.txt",
                "arcashla/reference/reference/IMGTHLA/alignments/DMA_prot.txt",
                "arcashla/reference/reference/IMGTHLA/alignments/DMB_gen.txt",
                "arcashla/reference/reference/IMGTHLA/alignments/DMB_nuc.txt",
                "arcashla/reference/reference/IMGTHLA/alignments/DMB_prot.txt",
                "arcashla/reference/reference/IMGTHLA/alignments/DOA_gen.txt",
                "arcashla/reference/reference/IMGTHLA/alignments/DOA_nuc.txt",
                "arcashla/reference/reference/IMGTHLA/alignments/DOA_prot.txt",
                "arcashla/reference/reference/IMGTHLA/alignments/DOB_gen.txt",
                "arcashla/reference/reference/IMGTHLA/alignments/DOB_nuc.txt",
                "arcashla/reference/reference/IMGTHLA/alignments/DOB_prot.txt",
                "arcashla/reference/reference/IMGTHLA/alignments/DPA1_gen.txt",
                "arcashla/reference/reference/IMGTHLA/alignments/DPA1_nuc.txt",
                "arcashla/reference/reference/IMGTHLA/alignments/DPA1_prot.txt",
                "arcashla/reference/reference/IMGTHLA/alignments/DPA2_gen.txt",
                "arcashla/reference/reference/IMGTHLA/alignments/DPA2_nuc.txt",
                "arcashla/reference/reference/IMGTHLA/alignments/DPB1_gen.txt",
                "arcashla/reference/reference/IMGTHLA/alignments/DPB1_nuc.txt",
                "arcashla/reference/reference/IMGTHLA/alignments/DPB1_prot.txt",
                "arcashla/reference/reference/IMGTHLA/alignments/DPB2_gen.txt",
                "arcashla/reference/reference/IMGTHLA/alignments/DPB2_nuc.txt",
                "arcashla/reference/reference/IMGTHLA/alignments/DQA1_gen.txt",
                "arcashla/reference/reference/IMGTHLA/alignments/DQA1_nuc.txt",
                "arcashla/reference/reference/IMGTHLA/alignments/DQA1_prot.txt",
                "arcashla/reference/reference/IMGTHLA/alignments/DQA2_gen.txt",
                "arcashla/reference/reference/IMGTHLA/alignments/DQA2_nuc.txt",
                "arcashla/reference/reference/IMGTHLA/alignments/DQA2_prot.txt",
                "arcashla/reference/reference/IMGTHLA/alignments/DQB1_gen.txt",
                "arcashla/reference/reference/IMGTHLA/alignments/DQB1_nuc.txt",
                "arcashla/reference/reference/IMGTHLA/alignments/DQB1_prot.txt",
                "arcashla/reference/reference/IMGTHLA/alignments/DQB2_gen.txt",
                "arcashla/reference/reference/IMGTHLA/alignments/DQB2_nuc.txt",
                "arcashla/reference/reference/IMGTHLA/alignments/DQB2_prot.txt",
                "arcashla/reference/reference/IMGTHLA/alignments/DRA_gen.txt",
                "arcashla/reference/reference/IMGTHLA/alignments/DRA_nuc.txt",
                "arcashla/reference/reference/IMGTHLA/alignments/DRA_prot.txt",
                "arcashla/reference/reference/IMGTHLA/alignments/DRB1_gen.txt",
                "arcashla/reference/reference/IMGTHLA/alignments/DRB1_nuc.txt",
                "arcashla/reference/reference/IMGTHLA/alignments/DRB1_prot.txt",
                "arcashla/reference/reference/IMGTHLA/alignments/DRB3_gen.txt",
                "arcashla/reference/reference/IMGTHLA/alignments/DRB3_nuc.txt",
                "arcashla/reference/reference/IMGTHLA/alignments/DRB3_prot.txt",
                "arcashla/reference/reference/IMGTHLA/alignments/DRB4_gen.txt",
                "arcashla/reference/reference/IMGTHLA/alignments/DRB4_nuc.txt",
                "arcashla/reference/reference/IMGTHLA/alignments/DRB4_prot.txt",
                "arcashla/reference/reference/IMGTHLA/alignments/DRB5_gen.txt",
                "arcashla/reference/reference/IMGTHLA/alignments/DRB5_nuc.txt",
                "arcashla/reference/reference/IMGTHLA/alignments/DRB5_prot.txt",
                "arcashla/reference/reference/IMGTHLA/alignments/DRB_nuc.txt",
                "arcashla/reference/reference/IMGTHLA/alignments/DRB_prot.txt",
                "arcashla/reference/reference/IMGTHLA/alignments/E_gen.txt",
                "arcashla/reference/reference/IMGTHLA/alignments/E_nuc.txt",
                "arcashla/reference/reference/IMGTHLA/alignments/E_prot.txt",
                "arcashla/reference/reference/IMGTHLA/alignments/F_gen.txt",
                "arcashla/reference/reference/IMGTHLA/alignments/F_nuc.txt",
                "arcashla/reference/reference/IMGTHLA/alignments/F_prot.txt",
                "arcashla/reference/reference/IMGTHLA/alignments/G_gen.txt",
                "arcashla/reference/reference/IMGTHLA/alignments/G_nuc.txt",
                "arcashla/reference/reference/IMGTHLA/alignments/G_prot.txt",
                "arcashla/reference/reference/IMGTHLA/alignments/HFE_gen.txt",
                "arcashla/reference/reference/IMGTHLA/alignments/HFE_nuc.txt",
                "arcashla/reference/reference/IMGTHLA/alignments/HFE_prot.txt",
                "arcashla/reference/reference/IMGTHLA/alignments/H_gen.txt",
                "arcashla/reference/reference/IMGTHLA/alignments/H_nuc.txt",
                "arcashla/reference/reference/IMGTHLA/alignments/J_gen.txt",
                "arcashla/reference/reference/IMGTHLA/alignments/J_nuc.txt",
                "arcashla/reference/reference/IMGTHLA/alignments/K_gen.txt",
                "arcashla/reference/reference/IMGTHLA/alignments/K_nuc.txt",
                "arcashla/reference/reference/IMGTHLA/alignments/L_gen.txt",
                "arcashla/reference/reference/IMGTHLA/alignments/L_nuc.txt",
                "arcashla/reference/reference/IMGTHLA/alignments/MICA_gen.txt",
                "arcashla/reference/reference/IMGTHLA/alignments/MICA_nuc.txt",
                "arcashla/reference/reference/IMGTHLA/alignments/MICA_prot.txt",
                "arcashla/reference/reference/IMGTHLA/alignments/MICB_gen.txt",
                "arcashla/reference/reference/IMGTHLA/alignments/MICB_nuc.txt",
                "arcashla/reference/reference/IMGTHLA/alignments/MICB_prot.txt",
                "arcashla/reference/reference/IMGTHLA/alignments/N_gen.txt",
                "arcashla/reference/reference/IMGTHLA/alignments/N_nuc.txt",
                "arcashla/reference/reference/IMGTHLA/alignments/P_gen.txt",
                "arcashla/reference/reference/IMGTHLA/alignments/R_gen.txt",
                "arcashla/reference/reference/IMGTHLA/alignments/R_nuc.txt",
                "arcashla/reference/reference/IMGTHLA/alignments/S_gen.txt",
                "arcashla/reference/reference/IMGTHLA/alignments/S_nuc.txt",
                "arcashla/reference/reference/IMGTHLA/alignments/TAP1_gen.txt",
                "arcashla/reference/reference/IMGTHLA/alignments/TAP1_nuc.txt",
                "arcashla/reference/reference/IMGTHLA/alignments/TAP1_prot.txt",
                "arcashla/reference/reference/IMGTHLA/alignments/TAP2_gen.txt",
                "arcashla/reference/reference/IMGTHLA/alignments/TAP2_nuc.txt",
                "arcashla/reference/reference/IMGTHLA/alignments/TAP2_prot.txt",
                "arcashla/reference/reference/IMGTHLA/alignments/T_gen.txt",
                "arcashla/reference/reference/IMGTHLA/alignments/T_nuc.txt",
                "arcashla/reference/reference/IMGTHLA/alignments/U_gen.txt",
                "arcashla/reference/reference/IMGTHLA/alignments/U_nuc.txt",
                "arcashla/reference/reference/IMGTHLA/alignments/V_gen.txt",
                "arcashla/reference/reference/IMGTHLA/alignments/V_nuc.txt",
                "arcashla/reference/reference/IMGTHLA/alignments/W_gen.txt",
                "arcashla/reference/reference/IMGTHLA/alignments/W_nuc.txt",
                "arcashla/reference/reference/IMGTHLA/alignments/Y_gen.txt",
                "arcashla/reference/reference/IMGTHLA/alignments/Y_nuc.txt",
                "arcashla/reference/reference/IMGTHLA/allelelist",
                "arcashla/reference/reference/IMGTHLA/allelelist/Allelelist.300.txt",
                "arcashla/reference/reference/IMGTHLA/allelelist/Allelelist.310.txt",
                "arcashla/reference/reference/IMGTHLA/allelelist/Allelelist.3100.txt",
                "arcashla/reference/reference/IMGTHLA/allelelist/Allelelist.3110.txt",
                "arcashla/reference/reference/IMGTHLA/allelelist/Allelelist.3120.txt",
                "arcashla/reference/reference/IMGTHLA/allelelist/Allelelist.3131.txt",
                "arcashla/reference/reference/IMGTHLA/allelelist/Allelelist.3140.txt",
                "arcashla/reference/reference/IMGTHLA/allelelist/Allelelist.3150.txt",
                "arcashla/reference/reference/IMGTHLA/allelelist/Allelelist.3160.txt",
                "arcashla/reference/reference/IMGTHLA/allelelist/Allelelist.3170.txt",
                "arcashla/reference/reference/IMGTHLA/allelelist/Allelelist.3180.txt",
                "arcashla/reference/reference/IMGTHLA/allelelist/Allelelist.3190.txt",
                "arcashla/reference/reference/IMGTHLA/allelelist/Allelelist.320.txt",
                "arcashla/reference/reference/IMGTHLA/allelelist/Allelelist.3200.txt",
                "arcashla/reference/reference/IMGTHLA/allelelist/Allelelist.3210.txt",
                "arcashla/reference/reference/IMGTHLA/allelelist/Allelelist.3220.txt",
                "arcashla/reference/reference/IMGTHLA/allelelist/Allelelist.3230.txt",
                "arcashla/reference/reference/IMGTHLA/allelelist/Allelelist.3240.txt",
                "arcashla/reference/reference/IMGTHLA/allelelist/Allelelist.3250.txt",
                "arcashla/reference/reference/IMGTHLA/allelelist/Allelelist.3260.txt",
                "arcashla/reference/reference/IMGTHLA/allelelist/Allelelist.3270.txt",
                "arcashla/reference/reference/IMGTHLA/allelelist/Allelelist.3280.txt",
                "arcashla/reference/reference/IMGTHLA/allelelist/Allelelist.3290.txt",
                "arcashla/reference/reference/IMGTHLA/allelelist/Allelelist.330.txt",
                "arcashla/reference/reference/IMGTHLA/allelelist/Allelelist.3300.txt",
                "arcashla/reference/reference/IMGTHLA/allelelist/Allelelist.3310.txt",
                "arcashla/reference/reference/IMGTHLA/allelelist/Allelelist.3320.txt",
                "arcashla/reference/reference/IMGTHLA/allelelist/Allelelist.3330.txt",
                "arcashla/reference/reference/IMGTHLA/allelelist/Allelelist.3340.txt",
                "arcashla/reference/reference/IMGTHLA/allelelist/Allelelist.3350.txt",
                "arcashla/reference/reference/IMGTHLA/allelelist/Allelelist.3360.txt",
                "arcashla/reference/reference/IMGTHLA/allelelist/Allelelist.3370.txt",
                "arcashla/reference/reference/IMGTHLA/allelelist/Allelelist.3380.txt",
                "arcashla/reference/reference/IMGTHLA/allelelist/Allelelist.3390.txt",
                "arcashla/reference/reference/IMGTHLA/allelelist/Allelelist.340.txt",
                "arcashla/reference/reference/IMGTHLA/allelelist/Allelelist.3400.txt",
                "arcashla/reference/reference/IMGTHLA/allelelist/Allelelist.3410.txt",
                "arcashla/reference/reference/IMGTHLA/allelelist/Allelelist.3420.txt",
                "arcashla/reference/reference/IMGTHLA/allelelist/Allelelist.3430.txt",
                "arcashla/reference/reference/IMGTHLA/allelelist/Allelelist.3440.txt",
                "arcashla/reference/reference/IMGTHLA/allelelist/Allelelist.3450.txt",
                "arcashla/reference/reference/IMGTHLA/allelelist/Allelelist.3460.txt",
                "arcashla/reference/reference/IMGTHLA/allelelist/Allelelist.3470.txt",
                "arcashla/reference/reference/IMGTHLA/allelelist/Allelelist.3480.txt",
                "arcashla/reference/reference/IMGTHLA/allelelist/Allelelist.3490.txt",
                "arcashla/reference/reference/IMGTHLA/allelelist/Allelelist.350.txt",
                "arcashla/reference/reference/IMGTHLA/allelelist/Allelelist.3500.txt",
                "arcashla/reference/reference/IMGTHLA/allelelist/Allelelist.3510.txt",
                "arcashla/reference/reference/IMGTHLA/allelelist/Allelelist.3520.txt",
                "arcashla/reference/reference/IMGTHLA/allelelist/Allelelist.3530.txt",
                "arcashla/reference/reference/IMGTHLA/allelelist/Allelelist.3540.txt",
                "arcashla/reference/reference/IMGTHLA/allelelist/Allelelist.3550.txt",
                "arcashla/reference/reference/IMGTHLA/allelelist/Allelelist.3560.txt",
                "arcashla/reference/reference/IMGTHLA/allelelist/Allelelist.3570.txt",
                "arcashla/reference/reference/IMGTHLA/allelelist/Allelelist.3580.txt",
                "arcashla/reference/reference/IMGTHLA/allelelist/Allelelist.3590.txt",
                "arcashla/reference/reference/IMGTHLA/allelelist/Allelelist.360.txt",
                "arcashla/reference/reference/IMGTHLA/allelelist/Allelelist.3600.txt",
                "arcashla/reference/reference/IMGTHLA/allelelist/Allelelist.3610.txt",
                "arcashla/reference/reference/IMGTHLA/allelelist/Allelelist.3620.txt",
                "arcashla/reference/reference/IMGTHLA/allelelist/Allelelist.3630.txt",
                "arcashla/reference/reference/IMGTHLA/allelelist/Allelelist.370.txt",
                "arcashla/reference/reference/IMGTHLA/allelelist/Allelelist.380.txt",
                "arcashla/reference/reference/IMGTHLA/allelelist/Allelelist.390.txt",
                "arcashla/reference/reference/IMGTHLA/change_log.txt",
                "arcashla/reference/reference/IMGTHLA/fasta",
                "arcashla/reference/reference/IMGTHLA/fasta/A_gen.fasta",
                "arcashla/reference/reference/IMGTHLA/fasta/A_nuc.fasta",
                "arcashla/reference/reference/IMGTHLA/fasta/A_prot.fasta",
                "arcashla/reference/reference/IMGTHLA/fasta/B_gen.fasta",
                "arcashla/reference/reference/IMGTHLA/fasta/B_nuc.fasta",
                "arcashla/reference/reference/IMGTHLA/fasta/B_prot.fasta",
                "arcashla/reference/reference/IMGTHLA/fasta/C_gen.fasta",
                "arcashla/reference/reference/IMGTHLA/fasta/C_nuc.fasta",
                "arcashla/reference/reference/IMGTHLA/fasta/C_prot.fasta",
                "arcashla/reference/reference/IMGTHLA/fasta/DMA_gen.fasta",
                "arcashla/reference/reference/IMGTHLA/fasta/DMA_nuc.fasta",
                "arcashla/reference/reference/IMGTHLA/fasta/DMA_prot.fasta",
                "arcashla/reference/reference/IMGTHLA/fasta/DMB_gen.fasta",
                "arcashla/reference/reference/IMGTHLA/fasta/DMB_nuc.fasta",
                "arcashla/reference/reference/IMGTHLA/fasta/DMB_prot.fasta",
                "arcashla/reference/reference/IMGTHLA/fasta/DOA_gen.fasta",
                "arcashla/reference/reference/IMGTHLA/fasta/DOA_nuc.fasta",
                "arcashla/reference/reference/IMGTHLA/fasta/DOA_prot.fasta",
                "arcashla/reference/reference/IMGTHLA/fasta/DOB_gen.fasta",
                "arcashla/reference/reference/IMGTHLA/fasta/DOB_nuc.fasta",
                "arcashla/reference/reference/IMGTHLA/fasta/DOB_prot.fasta",
                "arcashla/reference/reference/IMGTHLA/fasta/DPA1_gen.fasta",
                "arcashla/reference/reference/IMGTHLA/fasta/DPA1_nuc.fasta",
                "arcashla/reference/reference/IMGTHLA/fasta/DPA1_prot.fasta",
                "arcashla/reference/reference/IMGTHLA/fasta/DPA2_gen.fasta",
                "arcashla/reference/reference/IMGTHLA/fasta/DPA2_nuc.fasta",
                "arcashla/reference/reference/IMGTHLA/fasta/DPB1_gen.fasta",
                "arcashla/reference/reference/IMGTHLA/fasta/DPB1_nuc.fasta",
                "arcashla/reference/reference/IMGTHLA/fasta/DPB1_prot.fasta",
                "arcashla/reference/reference/IMGTHLA/fasta/DPB2_gen.fasta",
                "arcashla/reference/reference/IMGTHLA/fasta/DPB2_nuc.fasta",
                "arcashla/reference/reference/IMGTHLA/fasta/DQA1_gen.fasta",
                "arcashla/reference/reference/IMGTHLA/fasta/DQA1_nuc.fasta",
                "arcashla/reference/reference/IMGTHLA/fasta/DQA1_prot.fasta",
                "arcashla/reference/reference/IMGTHLA/fasta/DQA2_gen.fasta",
                "arcashla/reference/reference/IMGTHLA/fasta/DQA2_nuc.fasta",
                "arcashla/reference/reference/IMGTHLA/fasta/DQA2_prot.fasta",
                "arcashla/reference/reference/IMGTHLA/fasta/DQB1_gen.fasta",
                "arcashla/reference/reference/IMGTHLA/fasta/DQB1_nuc.fasta",
                "arcashla/reference/reference/IMGTHLA/fasta/DQB1_prot.fasta",
                "arcashla/reference/reference/IMGTHLA/fasta/DQB2_gen.fasta",
                "arcashla/reference/reference/IMGTHLA/fasta/DQB2_nuc.fasta",
                "arcashla/reference/reference/IMGTHLA/fasta/DQB2_prot.fasta",
                "arcashla/reference/reference/IMGTHLA/fasta/DRA_gen.fasta",
                "arcashla/reference/reference/IMGTHLA/fasta/DRA_nuc.fasta",
                "arcashla/reference/reference/IMGTHLA/fasta/DRA_prot.fasta",
                "arcashla/reference/reference/IMGTHLA/fasta/DRB1_gen.fasta",
                "arcashla/reference/reference/IMGTHLA/fasta/DRB1_nuc.fasta",
                "arcashla/reference/reference/IMGTHLA/fasta/DRB1_prot.fasta",
                "arcashla/reference/reference/IMGTHLA/fasta/DRB345_nuc.fasta",
                "arcashla/reference/reference/IMGTHLA/fasta/DRB345_prot.fasta",
                "arcashla/reference/reference/IMGTHLA/fasta/DRB3_gen.fasta",
                "arcashla/reference/reference/IMGTHLA/fasta/DRB4_gen.fasta",
                "arcashla/reference/reference/IMGTHLA/fasta/DRB5_gen.fasta",
                "arcashla/reference/reference/IMGTHLA/fasta/DRB_nuc.fasta",
                "arcashla/reference/reference/IMGTHLA/fasta/DRB_prot.fasta",
                "arcashla/reference/reference/IMGTHLA/fasta/E_gen.fasta",
                "arcashla/reference/reference/IMGTHLA/fasta/E_nuc.fasta",
                "arcashla/reference/reference/IMGTHLA/fasta/E_prot.fasta",
                "arcashla/reference/reference/IMGTHLA/fasta/F_gen.fasta",
                "arcashla/reference/reference/IMGTHLA/fasta/F_nuc.fasta",
                "arcashla/reference/reference/IMGTHLA/fasta/F_prot.fasta",
                "arcashla/reference/reference/IMGTHLA/fasta/G_gen.fasta",
                "arcashla/reference/reference/IMGTHLA/fasta/G_nuc.fasta",
                "arcashla/reference/reference/IMGTHLA/fasta/G_prot.fasta",
                "arcashla/reference/reference/IMGTHLA/fasta/HFE_gen.fasta",
                "arcashla/reference/reference/IMGTHLA/fasta/HFE_nuc.fasta",
                "arcashla/reference/reference/IMGTHLA/fasta/HFE_prot.fasta",
                "arcashla/reference/reference/IMGTHLA/fasta/H_gen.fasta",
                "arcashla/reference/reference/IMGTHLA/fasta/H_nuc.fasta",
                "arcashla/reference/reference/IMGTHLA/fasta/J_gen.fasta",
                "arcashla/reference/reference/IMGTHLA/fasta/J_nuc.fasta",
                "arcashla/reference/reference/IMGTHLA/fasta/K_gen.fasta",
                "arcashla/reference/reference/IMGTHLA/fasta/K_nuc.fasta",
                "arcashla/reference/reference/IMGTHLA/fasta/L_gen.fasta",
                "arcashla/reference/reference/IMGTHLA/fasta/L_nuc.fasta",
                "arcashla/reference/reference/IMGTHLA/fasta/MICA_gen.fasta",
                "arcashla/reference/reference/IMGTHLA/fasta/MICA_nuc.fasta",
                "arcashla/reference/reference/IMGTHLA/fasta/MICA_prot.fasta",
                "arcashla/reference/reference/IMGTHLA/fasta/MICB_gen.fasta",
                "arcashla/reference/reference/IMGTHLA/fasta/MICB_nuc.fasta",
                "arcashla/reference/reference/IMGTHLA/fasta/MICB_prot.fasta",
                "arcashla/reference/reference/IMGTHLA/fasta/N_gen.fasta",
                "arcashla/reference/reference/IMGTHLA/fasta/N_nuc.fasta",
                "arcashla/reference/reference/IMGTHLA/fasta/P_gen.fasta",
                "arcashla/reference/reference/IMGTHLA/fasta/R_gen.fasta",
                "arcashla/reference/reference/IMGTHLA/fasta/R_nuc.fasta",
                "arcashla/reference/reference/IMGTHLA/fasta/S_gen.fasta",
                "arcashla/reference/reference/IMGTHLA/fasta/S_nuc.fasta",
                "arcashla/reference/reference/IMGTHLA/fasta/TAP1_gen.fasta",
                "arcashla/reference/reference/IMGTHLA/fasta/TAP1_nuc.fasta",
                "arcashla/reference/reference/IMGTHLA/fasta/TAP1_prot.fasta",
                "arcashla/reference/reference/IMGTHLA/fasta/TAP2_gen.fasta",
                "arcashla/reference/reference/IMGTHLA/fasta/TAP2_nuc.fasta",
                "arcashla/reference/reference/IMGTHLA/fasta/TAP2_prot.fasta",
                "arcashla/reference/reference/IMGTHLA/fasta/T_gen.fasta",
                "arcashla/reference/reference/IMGTHLA/fasta/T_nuc.fasta",
                "arcashla/reference/reference/IMGTHLA/fasta/U_gen.fasta",
                "arcashla/reference/reference/IMGTHLA/fasta/U_nuc.fasta",
                "arcashla/reference/reference/IMGTHLA/fasta/V_gen.fasta",
                "arcashla/reference/reference/IMGTHLA/fasta/V_nuc.fasta",
                "arcashla/reference/reference/IMGTHLA/fasta/W_gen.fasta",
                "arcashla/reference/reference/IMGTHLA/fasta/W_nuc.fasta",
                "arcashla/reference/reference/IMGTHLA/fasta/Y_gen.fasta",
                "arcashla/reference/reference/IMGTHLA/fasta/Y_nuc.fasta",
                "arcashla/reference/reference/IMGTHLA/fasta/hla_gen.fasta.zip",
                "arcashla/reference/reference/IMGTHLA/fasta/hla_nuc.fasta",
                "arcashla/reference/reference/IMGTHLA/fasta/hla_prot.fasta",
                "arcashla/reference/reference/IMGTHLA/hla.dat",
                "arcashla/reference/reference/IMGTHLA/hla.dat.zip",
                "arcashla/reference/reference/IMGTHLA/hla_gen.fasta.zip",
                "arcashla/reference/reference/IMGTHLA/hla_nuc.fasta",
                "arcashla/reference/reference/IMGTHLA/hla_prot.fasta",
                "arcashla/reference/reference/IMGTHLA/ihiw",
                "arcashla/reference/reference/IMGTHLA/ihiw/README.md",
                "arcashla/reference/reference/IMGTHLA/ihiw/hml",
                "arcashla/reference/reference/IMGTHLA/ihiw/hml/3.63.0_ReferenceSequences.fasta",
                "arcashla/reference/reference/IMGTHLA/ihiw/hml/3.63.0_Reference_Alleles.txt",
                "arcashla/reference/reference/IMGTHLA/md5checksum.txt",
                "arcashla/reference/reference/IMGTHLA/msf",
                "arcashla/reference/reference/IMGTHLA/msf/A_gen.msf",
                "arcashla/reference/reference/IMGTHLA/msf/A_nuc.msf",
                "arcashla/reference/reference/IMGTHLA/msf/A_prot.msf",
                "arcashla/reference/reference/IMGTHLA/msf/B_gen.msf",
                "arcashla/reference/reference/IMGTHLA/msf/B_nuc.msf",
                "arcashla/reference/reference/IMGTHLA/msf/B_prot.msf",
                "arcashla/reference/reference/IMGTHLA/msf/C_gen.msf",
                "arcashla/reference/reference/IMGTHLA/msf/C_nuc.msf",
                "arcashla/reference/reference/IMGTHLA/msf/C_prot.msf",
                "arcashla/reference/reference/IMGTHLA/msf/DMA_gen.msf",
                "arcashla/reference/reference/IMGTHLA/msf/DMA_nuc.msf",
                "arcashla/reference/reference/IMGTHLA/msf/DMA_prot.msf",
                "arcashla/reference/reference/IMGTHLA/msf/DMB_gen.msf",
                "arcashla/reference/reference/IMGTHLA/msf/DMB_nuc.msf",
                "arcashla/reference/reference/IMGTHLA/msf/DMB_prot.msf",
                "arcashla/reference/reference/IMGTHLA/msf/DOA_gen.msf",
                "arcashla/reference/reference/IMGTHLA/msf/DOA_nuc.msf",
                "arcashla/reference/reference/IMGTHLA/msf/DOA_prot.msf",
                "arcashla/reference/reference/IMGTHLA/msf/DOB_gen.msf",
                "arcashla/reference/reference/IMGTHLA/msf/DOB_nuc.msf",
                "arcashla/reference/reference/IMGTHLA/msf/DOB_prot.msf",
                "arcashla/reference/reference/IMGTHLA/msf/DPA1_gen.msf",
                "arcashla/reference/reference/IMGTHLA/msf/DPA1_nuc.msf",
                "arcashla/reference/reference/IMGTHLA/msf/DPA1_prot.msf",
                "arcashla/reference/reference/IMGTHLA/msf/DPA2_gen.msf",
                "arcashla/reference/reference/IMGTHLA/msf/DPA2_nuc.msf",
                "arcashla/reference/reference/IMGTHLA/msf/DPB1_gen.msf",
                "arcashla/reference/reference/IMGTHLA/msf/DPB1_nuc.msf",
                "arcashla/reference/reference/IMGTHLA/msf/DPB1_prot.msf",
                "arcashla/reference/reference/IMGTHLA/msf/DPB2_gen.msf",
                "arcashla/reference/reference/IMGTHLA/msf/DPB2_nuc.msf",
                "arcashla/reference/reference/IMGTHLA/msf/DQA1_gen.msf",
                "arcashla/reference/reference/IMGTHLA/msf/DQA1_nuc.msf",
                "arcashla/reference/reference/IMGTHLA/msf/DQA1_prot.msf",
                "arcashla/reference/reference/IMGTHLA/msf/DQA2_gen.msf",
                "arcashla/reference/reference/IMGTHLA/msf/DQA2_nuc.msf",
                "arcashla/reference/reference/IMGTHLA/msf/DQA2_prot.msf",
                "arcashla/reference/reference/IMGTHLA/msf/DQB1_gen.msf",
                "arcashla/reference/reference/IMGTHLA/msf/DQB1_nuc.msf",
                "arcashla/reference/reference/IMGTHLA/msf/DQB1_prot.msf",
                "arcashla/reference/reference/IMGTHLA/msf/DQB2_gen.msf",
                "arcashla/reference/reference/IMGTHLA/msf/DQB2_nuc.msf",
                "arcashla/reference/reference/IMGTHLA/msf/DQB2_prot.msf",
                "arcashla/reference/reference/IMGTHLA/msf/DRA_gen.msf",
                "arcashla/reference/reference/IMGTHLA/msf/DRA_nuc.msf",
                "arcashla/reference/reference/IMGTHLA/msf/DRA_prot.msf",
                "arcashla/reference/reference/IMGTHLA/msf/DRB1_gen.msf",
                "arcashla/reference/reference/IMGTHLA/msf/DRB1_nuc.msf",
                "arcashla/reference/reference/IMGTHLA/msf/DRB1_prot.msf",
                "arcashla/reference/reference/IMGTHLA/msf/DRB345_nuc.msf",
                "arcashla/reference/reference/IMGTHLA/msf/DRB345_prot.msf",
                "arcashla/reference/reference/IMGTHLA/msf/DRB3_gen.msf",
                "arcashla/reference/reference/IMGTHLA/msf/DRB4_gen.msf",
                "arcashla/reference/reference/IMGTHLA/msf/DRB5_gen.msf",
                "arcashla/reference/reference/IMGTHLA/msf/DRB_nuc.msf",
                "arcashla/reference/reference/IMGTHLA/msf/DRB_prot.msf",
                "arcashla/reference/reference/IMGTHLA/msf/E_gen.msf",
                "arcashla/reference/reference/IMGTHLA/msf/E_nuc.msf",
                "arcashla/reference/reference/IMGTHLA/msf/E_prot.msf",
                "arcashla/reference/reference/IMGTHLA/msf/F_gen.msf",
                "arcashla/reference/reference/IMGTHLA/msf/F_nuc.msf",
                "arcashla/reference/reference/IMGTHLA/msf/F_prot.msf",
                "arcashla/reference/reference/IMGTHLA/msf/G_gen.msf",
                "arcashla/reference/reference/IMGTHLA/msf/G_nuc.msf",
                "arcashla/reference/reference/IMGTHLA/msf/G_prot.msf",
                "arcashla/reference/reference/IMGTHLA/msf/HFE_gen.msf",
                "arcashla/reference/reference/IMGTHLA/msf/HFE_nuc.msf",
                "arcashla/reference/reference/IMGTHLA/msf/HFE_prot.msf",
                "arcashla/reference/reference/IMGTHLA/msf/H_gen.msf",
                "arcashla/reference/reference/IMGTHLA/msf/H_nuc.msf",
                "arcashla/reference/reference/IMGTHLA/msf/J_gen.msf",
                "arcashla/reference/reference/IMGTHLA/msf/J_nuc.msf",
                "arcashla/reference/reference/IMGTHLA/msf/K_gen.msf",
                "arcashla/reference/reference/IMGTHLA/msf/K_nuc.msf",
                "arcashla/reference/reference/IMGTHLA/msf/L_gen.msf",
                "arcashla/reference/reference/IMGTHLA/msf/L_nuc.msf",
                "arcashla/reference/reference/IMGTHLA/msf/MICA_gen.msf",
                "arcashla/reference/reference/IMGTHLA/msf/MICA_nuc.msf",
                "arcashla/reference/reference/IMGTHLA/msf/MICA_prot.msf",
                "arcashla/reference/reference/IMGTHLA/msf/MICB_gen.msf",
                "arcashla/reference/reference/IMGTHLA/msf/MICB_nuc.msf",
                "arcashla/reference/reference/IMGTHLA/msf/MICB_prot.msf",
                "arcashla/reference/reference/IMGTHLA/msf/N_gen.msf",
                "arcashla/reference/reference/IMGTHLA/msf/N_nuc.msf",
                "arcashla/reference/reference/IMGTHLA/msf/P_gen.msf",
                "arcashla/reference/reference/IMGTHLA/msf/R_gen.msf",
                "arcashla/reference/reference/IMGTHLA/msf/R_nuc.msf",
                "arcashla/reference/reference/IMGTHLA/msf/S_gen.msf",
                "arcashla/reference/reference/IMGTHLA/msf/S_nuc.msf",
                "arcashla/reference/reference/IMGTHLA/msf/TAP1_gen.msf",
                "arcashla/reference/reference/IMGTHLA/msf/TAP1_nuc.msf",
                "arcashla/reference/reference/IMGTHLA/msf/TAP1_prot.msf",
                "arcashla/reference/reference/IMGTHLA/msf/TAP2_gen.msf",
                "arcashla/reference/reference/IMGTHLA/msf/TAP2_nuc.msf",
                "arcashla/reference/reference/IMGTHLA/msf/TAP2_prot.msf",
                "arcashla/reference/reference/IMGTHLA/msf/T_gen.msf",
                "arcashla/reference/reference/IMGTHLA/msf/T_nuc.msf",
                "arcashla/reference/reference/IMGTHLA/msf/U_gen.msf",
                "arcashla/reference/reference/IMGTHLA/msf/U_nuc.msf",
                "arcashla/reference/reference/IMGTHLA/msf/V_gen.msf",
                "arcashla/reference/reference/IMGTHLA/msf/V_nuc.msf",
                "arcashla/reference/reference/IMGTHLA/msf/W_gen.msf",
                "arcashla/reference/reference/IMGTHLA/msf/W_nuc.msf",
                "arcashla/reference/reference/IMGTHLA/msf/Y_gen.msf",
                "arcashla/reference/reference/IMGTHLA/msf/Y_nuc.msf",
                "arcashla/reference/reference/IMGTHLA/oid",
                "arcashla/reference/reference/IMGTHLA/oid/allele_oid.txt",
                "arcashla/reference/reference/IMGTHLA/oid/antigen_oid.txt",
                "arcashla/reference/reference/IMGTHLA/pir",
                "arcashla/reference/reference/IMGTHLA/pir/A_gen.pir",
                "arcashla/reference/reference/IMGTHLA/pir/A_nuc.pir",
                "arcashla/reference/reference/IMGTHLA/pir/A_prot.pir",
                "arcashla/reference/reference/IMGTHLA/pir/B_gen.pir",
                "arcashla/reference/reference/IMGTHLA/pir/B_nuc.pir",
                "arcashla/reference/reference/IMGTHLA/pir/B_prot.pir",
                "arcashla/reference/reference/IMGTHLA/pir/C_gen.pir",
                "arcashla/reference/reference/IMGTHLA/pir/C_nuc.pir",
                "arcashla/reference/reference/IMGTHLA/pir/C_prot.pir",
                "arcashla/reference/reference/IMGTHLA/pir/DMA_gen.pir",
                "arcashla/reference/reference/IMGTHLA/pir/DMA_nuc.pir",
                "arcashla/reference/reference/IMGTHLA/pir/DMA_prot.pir",
                "arcashla/reference/reference/IMGTHLA/pir/DMB_gen.pir",
                "arcashla/reference/reference/IMGTHLA/pir/DMB_nuc.pir",
                "arcashla/reference/reference/IMGTHLA/pir/DMB_prot.pir",
                "arcashla/reference/reference/IMGTHLA/pir/DOA_gen.pir",
                "arcashla/reference/reference/IMGTHLA/pir/DOA_nuc.pir",
                "arcashla/reference/reference/IMGTHLA/pir/DOA_prot.pir",
                "arcashla/reference/reference/IMGTHLA/pir/DOB_gen.pir",
                "arcashla/reference/reference/IMGTHLA/pir/DOB_nuc.pir",
                "arcashla/reference/reference/IMGTHLA/pir/DOB_prot.pir",
                "arcashla/reference/reference/IMGTHLA/pir/DPA1_gen.pir",
                "arcashla/reference/reference/IMGTHLA/pir/DPA1_nuc.pir",
                "arcashla/reference/reference/IMGTHLA/pir/DPA1_prot.pir",
                "arcashla/reference/reference/IMGTHLA/pir/DPA2_gen.pir",
                "arcashla/reference/reference/IMGTHLA/pir/DPA2_nuc.pir",
                "arcashla/reference/reference/IMGTHLA/pir/DPB1_gen.pir",
                "arcashla/reference/reference/IMGTHLA/pir/DPB1_nuc.pir",
                "arcashla/reference/reference/IMGTHLA/pir/DPB1_prot.pir",
                "arcashla/reference/reference/IMGTHLA/pir/DPB2_gen.pir",
                "arcashla/reference/reference/IMGTHLA/pir/DPB2_nuc.pir",
                "arcashla/reference/reference/IMGTHLA/pir/DQA1_gen.pir",
                "arcashla/reference/reference/IMGTHLA/pir/DQA1_nuc.pir",
                "arcashla/reference/reference/IMGTHLA/pir/DQA1_prot.pir",
                "arcashla/reference/reference/IMGTHLA/pir/DQA2_gen.pir",
                "arcashla/reference/reference/IMGTHLA/pir/DQA2_nuc.pir",
                "arcashla/reference/reference/IMGTHLA/pir/DQA2_prot.pir",
                "arcashla/reference/reference/IMGTHLA/pir/DQB1_gen.pir",
                "arcashla/reference/reference/IMGTHLA/pir/DQB1_nuc.pir",
                "arcashla/reference/reference/IMGTHLA/pir/DQB1_prot.pir",
                "arcashla/reference/reference/IMGTHLA/pir/DQB2_gen.pir",
                "arcashla/reference/reference/IMGTHLA/pir/DQB2_nuc.pir",
                "arcashla/reference/reference/IMGTHLA/pir/DQB2_prot.pir",
                "arcashla/reference/reference/IMGTHLA/pir/DRA_gen.pir",
                "arcashla/reference/reference/IMGTHLA/pir/DRA_nuc.pir",
                "arcashla/reference/reference/IMGTHLA/pir/DRA_prot.pir",
                "arcashla/reference/reference/IMGTHLA/pir/DRB1_gen.pir",
                "arcashla/reference/reference/IMGTHLA/pir/DRB1_nuc.pir",
                "arcashla/reference/reference/IMGTHLA/pir/DRB1_prot.pir",
                "arcashla/reference/reference/IMGTHLA/pir/DRB345_nuc.pir",
                "arcashla/reference/reference/IMGTHLA/pir/DRB345_prot.pir",
                "arcashla/reference/reference/IMGTHLA/pir/DRB3_gen.pir",
                "arcashla/reference/reference/IMGTHLA/pir/DRB4_gen.pir",
                "arcashla/reference/reference/IMGTHLA/pir/DRB5_gen.pir",
                "arcashla/reference/reference/IMGTHLA/pir/DRB_nuc.pir",
                "arcashla/reference/reference/IMGTHLA/pir/DRB_prot.pir",
                "arcashla/reference/reference/IMGTHLA/pir/E_gen.pir",
                "arcashla/reference/reference/IMGTHLA/pir/E_nuc.pir",
                "arcashla/reference/reference/IMGTHLA/pir/E_prot.pir",
                "arcashla/reference/reference/IMGTHLA/pir/F_gen.pir",
                "arcashla/reference/reference/IMGTHLA/pir/F_nuc.pir",
                "arcashla/reference/reference/IMGTHLA/pir/F_prot.pir",
                "arcashla/reference/reference/IMGTHLA/pir/G_gen.pir",
                "arcashla/reference/reference/IMGTHLA/pir/G_nuc.pir",
                "arcashla/reference/reference/IMGTHLA/pir/G_prot.pir",
                "arcashla/reference/reference/IMGTHLA/pir/HFE_gen.pir",
                "arcashla/reference/reference/IMGTHLA/pir/HFE_nuc.pir",
                "arcashla/reference/reference/IMGTHLA/pir/HFE_prot.pir",
                "arcashla/reference/reference/IMGTHLA/pir/H_gen.pir",
                "arcashla/reference/reference/IMGTHLA/pir/H_nuc.pir",
                "arcashla/reference/reference/IMGTHLA/pir/J_gen.pir",
                "arcashla/reference/reference/IMGTHLA/pir/J_nuc.pir",
                "arcashla/reference/reference/IMGTHLA/pir/K_gen.pir",
                "arcashla/reference/reference/IMGTHLA/pir/K_nuc.pir",
                "arcashla/reference/reference/IMGTHLA/pir/L_gen.pir",
                "arcashla/reference/reference/IMGTHLA/pir/L_nuc.pir",
                "arcashla/reference/reference/IMGTHLA/pir/MICA_gen.pir",
                "arcashla/reference/reference/IMGTHLA/pir/MICA_nuc.pir",
                "arcashla/reference/reference/IMGTHLA/pir/MICA_prot.pir",
                "arcashla/reference/reference/IMGTHLA/pir/MICB_gen.pir",
                "arcashla/reference/reference/IMGTHLA/pir/MICB_nuc.pir",
                "arcashla/reference/reference/IMGTHLA/pir/MICB_prot.pir",
                "arcashla/reference/reference/IMGTHLA/pir/N_gen.pir",
                "arcashla/reference/reference/IMGTHLA/pir/N_nuc.pir",
                "arcashla/reference/reference/IMGTHLA/pir/P_gen.pir",
                "arcashla/reference/reference/IMGTHLA/pir/R_gen.pir",
                "arcashla/reference/reference/IMGTHLA/pir/R_nuc.pir",
                "arcashla/reference/reference/IMGTHLA/pir/S_gen.pir",
                "arcashla/reference/reference/IMGTHLA/pir/S_nuc.pir",
                "arcashla/reference/reference/IMGTHLA/pir/TAP1_gen.pir",
                "arcashla/reference/reference/IMGTHLA/pir/TAP1_nuc.pir",
                "arcashla/reference/reference/IMGTHLA/pir/TAP1_prot.pir",
                "arcashla/reference/reference/IMGTHLA/pir/TAP2_gen.pir",
                "arcashla/reference/reference/IMGTHLA/pir/TAP2_nuc.pir",
                "arcashla/reference/reference/IMGTHLA/pir/TAP2_prot.pir",
                "arcashla/reference/reference/IMGTHLA/pir/T_gen.pir",
                "arcashla/reference/reference/IMGTHLA/pir/T_nuc.pir",
                "arcashla/reference/reference/IMGTHLA/pir/U_gen.pir",
                "arcashla/reference/reference/IMGTHLA/pir/U_nuc.pir",
                "arcashla/reference/reference/IMGTHLA/pir/V_gen.pir",
                "arcashla/reference/reference/IMGTHLA/pir/V_nuc.pir",
                "arcashla/reference/reference/IMGTHLA/pir/W_gen.pir",
                "arcashla/reference/reference/IMGTHLA/pir/W_nuc.pir",
                "arcashla/reference/reference/IMGTHLA/pir/Y_gen.pir",
                "arcashla/reference/reference/IMGTHLA/pir/Y_nuc.pir",
                "arcashla/reference/reference/IMGTHLA/release_version.txt",
                "arcashla/reference/reference/IMGTHLA/sversion_history.txt",
                "arcashla/reference/reference/IMGTHLA/tce",
                "arcashla/reference/reference/IMGTHLA/tce/dpb_tce.csv",
                "arcashla/reference/reference/IMGTHLA/version_report.txt",
                "arcashla/reference/reference/IMGTHLA/wmda",
                "arcashla/reference/reference/IMGTHLA/wmda/README.md",
                "arcashla/reference/reference/IMGTHLA/wmda/hla_nom.txt",
                "arcashla/reference/reference/IMGTHLA/wmda/hla_nom_g.txt",
                "arcashla/reference/reference/IMGTHLA/wmda/hla_nom_p.txt",
                "arcashla/reference/reference/IMGTHLA/wmda/md5checksum.txt",
                "arcashla/reference/reference/IMGTHLA/wmda/rel_dna_ser.txt",
                "arcashla/reference/reference/IMGTHLA/wmda/rel_ser_ser.txt",
                "arcashla/reference/reference/IMGTHLA/xml",
                "arcashla/reference/reference/IMGTHLA/xml/hla.xml.zip",
                "arcashla/reference/reference/IMGTHLA/xml/hla.xsd",
                "arcashla/reference/reference/IMGTHLA/xml/hla_ambigs.xml.zip",
                "arcashla/reference/reference/IMGTHLA/xml/hla_ambigs.xsd",
                "arcashla/reference/reference/info",
                "arcashla/reference/reference/info/decoys_alts.json",
                "arcashla/reference/reference/info/hla_freq.tsv",
                "arcashla/reference/reference/info/parameters.json",
                "arcashla/reference/reference/ref",
                "arcashla/reference/reference/ref/GRCh38.all.noHLA.fasta",
                "arcashla/reference/reference/ref/GRCh38.chr6.HLA.fasta",
                "arcashla/reference/reference/ref/GRCh38.chr6.noHLA.fasta",
                "arcashla/reference/reference/ref/allele_groups.json",
                "arcashla/reference/reference/ref/cDNA.json",
                "arcashla/reference/reference/ref/cDNA.single.json",
                "arcashla/reference/reference/ref/hla.convert.json",
                "arcashla/reference/reference/ref/hla.fasta",
                "arcashla/reference/reference/ref/hla.idx",
                "arcashla/reference/reference/ref/hla.p.json",
                "arcashla/reference/reference/ref/hla_partial.fasta",
                "arcashla/reference/reference/ref/hla_partial.idx",
                "arcashla/reference/reference/ref/hla_partial.p.json",
                "arcashla/reference/reference/ref/hla_transcripts.json",
                "fastqc",
                "fastqc/SAMPLE_RNA_1_fastqc.html",
                "fastqc/SAMPLE_RNA_1_fastqc.zip",
                "fastqc/SAMPLE_RNA_2_fastqc.html",
                "fastqc/SAMPLE_RNA_2_fastqc.zip",
                "multiqc",
                "multiqc/multiqc_data",
                "multiqc/multiqc_data/fastqc-status-check-heatmap.txt",
                "multiqc/multiqc_data/fastqc_overrepresented_sequences_plot.txt",
                "multiqc/multiqc_data/fastqc_per_base_n_content_plot.txt",
                "multiqc/multiqc_data/fastqc_per_base_sequence_quality_plot.txt",
                "multiqc/multiqc_data/fastqc_per_sequence_gc_content_plot_Counts.txt",
                "multiqc/multiqc_data/fastqc_per_sequence_gc_content_plot_Percentages.txt",
                "multiqc/multiqc_data/fastqc_per_sequence_quality_scores_plot.txt",
                "multiqc/multiqc_data/fastqc_sequence_counts_plot.txt",
                "multiqc/multiqc_data/fastqc_sequence_duplication_levels_plot.txt",
                "multiqc/multiqc_data/fastqc_top_overrepresented_sequences_table.txt",
                "multiqc/multiqc_data/llms-full.txt",
                "multiqc/multiqc_data/multiqc.log",
                "multiqc/multiqc_data/multiqc.parquet",
                "multiqc/multiqc_data/multiqc_citations.txt",
                "multiqc/multiqc_data/multiqc_data.json",
                "multiqc/multiqc_data/multiqc_fastqc.txt",
                "multiqc/multiqc_data/multiqc_general_stats.txt",
                "multiqc/multiqc_data/multiqc_software_versions.txt",
                "multiqc/multiqc_data/multiqc_sources.txt",
                "multiqc/multiqc_plots",
                "multiqc/multiqc_plots/pdf",
                "multiqc/multiqc_plots/pdf/fastqc_overrepresented_sequences_plot.pdf",
                "multiqc/multiqc_plots/pdf/fastqc_per_base_n_content_plot.pdf",
                "multiqc/multiqc_plots/pdf/fastqc_per_base_sequence_quality_plot.pdf",
                "multiqc/multiqc_plots/pdf/fastqc_per_sequence_gc_content_plot_Counts.pdf",
                "multiqc/multiqc_plots/pdf/fastqc_per_sequence_gc_content_plot_Percentages.pdf",
                "multiqc/multiqc_plots/pdf/fastqc_per_sequence_quality_scores_plot.pdf",
                "multiqc/multiqc_plots/pdf/fastqc_sequence_counts_plot-cnt.pdf",
                "multiqc/multiqc_plots/pdf/fastqc_sequence_counts_plot-pct.pdf",
                "multiqc/multiqc_plots/pdf/fastqc_sequence_duplication_levels_plot.pdf",
                "multiqc/multiqc_plots/pdf/fastqc_top_overrepresented_sequences_table.pdf",
                "multiqc/multiqc_plots/png",
                "multiqc/multiqc_plots/png/fastqc_overrepresented_sequences_plot.png",
                "multiqc/multiqc_plots/png/fastqc_per_base_n_content_plot.png",
                "multiqc/multiqc_plots/png/fastqc_per_base_sequence_quality_plot.png",
                "multiqc/multiqc_plots/png/fastqc_per_sequence_gc_content_plot_Counts.png",
                "multiqc/multiqc_plots/png/fastqc_per_sequence_gc_content_plot_Percentages.png",
                "multiqc/multiqc_plots/png/fastqc_per_sequence_quality_scores_plot.png",
                "multiqc/multiqc_plots/png/fastqc_sequence_counts_plot-cnt.png",
                "multiqc/multiqc_plots/png/fastqc_sequence_counts_plot-pct.png",
                "multiqc/multiqc_plots/png/fastqc_sequence_duplication_levels_plot.png",
                "multiqc/multiqc_plots/png/fastqc_top_overrepresented_sequences_table.png",
                "multiqc/multiqc_plots/svg",
                "multiqc/multiqc_plots/svg/fastqc_overrepresented_sequences_plot.svg",
                "multiqc/multiqc_plots/svg/fastqc_per_base_n_content_plot.svg",
                "multiqc/multiqc_plots/svg/fastqc_per_base_sequence_quality_plot.svg",
                "multiqc/multiqc_plots/svg/fastqc_per_sequence_gc_content_plot_Counts.svg",
                "multiqc/multiqc_plots/svg/fastqc_per_sequence_gc_content_plot_Percentages.svg",
                "multiqc/multiqc_plots/svg/fastqc_per_sequence_quality_scores_plot.svg",
                "multiqc/multiqc_plots/svg/fastqc_sequence_counts_plot-cnt.svg",
                "multiqc/multiqc_plots/svg/fastqc_sequence_counts_plot-pct.svg",
                "multiqc/multiqc_plots/svg/fastqc_sequence_duplication_levels_plot.svg",
                "multiqc/multiqc_plots/svg/fastqc_top_overrepresented_sequences_table.svg",
                "multiqc/multiqc_report.html",
                "pipeline_info",
                "pipeline_info/nf_core_hlatyping_software_mqc_versions.yml"
            ],
            [
                "CRC_81_N_1_fished.genes.json:md5,c28c402c853ad7d529944a929888b120",
                "CRC_81_N_1_fished.genotype.json:md5,3895a658b91275a175ef1569f3f7f135",
                "HEAD:md5,a1c003f0352435548639155da44ad38b",
                "config:md5,a17542ed3e50f8aae20b3b1c17b2a8f2",
                "description:md5,a0a7c3fff21f2aea3cfa1d0316dd816c",
                "applypatch-msg.sample:md5,ce562e08d8098926a3862fc6e7905199",
                "commit-msg.sample:md5,579a3c1e12a1e74a98169175fb913012",
                "fsmonitor-watchman.sample:md5,a0b2633a2c8e97501610bd3f73da66fc",
                "post-update.sample:md5,2b7ea5cee3c49ff53d41e00785eb974c",
                "pre-applypatch.sample:md5,054f9ffb8bfe04a599751cc757226dda",
                "pre-commit.sample:md5,5029bfab85b1c39281aa9697379ea444",
                "pre-merge-commit.sample:md5,39cb268e2a85d436b9eb6f47614c3cbc",
                "pre-push.sample:md5,2c642152299a94e05ea26eae11993b13",
                "pre-rebase.sample:md5,a072ed881cdc029551d4431228de657e",
                "pre-receive.sample:md5,2ad18ec82c20af7b5926ed9cea6aeedd",
                "prepare-commit-msg.sample:md5,195670a181908369b83c795bf67cf756",
                "push-to-checkout.sample:md5,c7ab00c7784efeadad3ae9b228d4b4db",
                "sendemail-validate.sample:md5,4d67df3a8d5c98cb8565c07e42be0b04",
                "update.sample:md5,647ae13c682f7827c22f5fc08a03674e",
                "index:md5,037ef84488371ea960208df0a6a38508",
                "exclude:md5,036208b4a1ab4a235d75c181e685e5a3",
                "HEAD:md5,737197805a0bd99f294aea082523db7d",
                "Latest:md5,737197805a0bd99f294aea082523db7d",
                "HEAD:md5,737197805a0bd99f294aea082523db7d",
                "pack-d1c9977720dbc540c712f998a5130b2d8210a64d.idx:md5,497db4e023ce29434fe882e3b4c1f44e",
                "pack-d1c9977720dbc540c712f998a5130b2d8210a64d.pack:md5,007c59e9da05fdea2818b97596c0c16c",
                "pack-d1c9977720dbc540c712f998a5130b2d8210a64d.rev:md5,5a321e47adc80c532c9eeb3d802b5790",
                "packed-refs:md5,010ecdcc113f116051e67ef68e681c9d",
                "Latest:md5,73de62a696d252b07805d62d47d2c264",
                "HEAD:md5,5ed928d5ca552c4ddfcd5b4a3e806b84",
                "v3.63.0-alpha:md5,73de62a696d252b07805d62d47d2c264",
                "shallow:md5,73de62a696d252b07805d62d47d2c264",
                ".gitattributes:md5,507f44c9cc8bf0ebf5800a38ea559370",
                "FUNDING.yml:md5,8c748d60a0d42e199d908805650e7fa2",
                "Alignments_Rel_3630.zip:md5,0a9ed1c4a19041539cd768a14796a2af",
                "Allele_status.txt:md5,76bf4007d1ddcb1e0bf0171ea99dd38f",
                "Allelelist.txt:md5,c1e61c3c9fb762f5a66bda1e4a751183",
                "Allelelist_history.txt:md5,b7495a743208e142acd7a6ef02cce093",
                "Deleted_alleles.txt:md5,b8a9da17be822e8f78a24ee76f916eb0",
                "LICENCE.md:md5,bb3136e85614572822ca68256fe3da43",
                "Manual.md:md5,b0c4c564f297af1485fcf8c3d78f3d37",
                "Nomenclature_2009.txt:md5,7ce5a2d98cbeffd61a30fb1776090a24",
                "README.md:md5,61558f86a772235399dea8e6d2d764d3",
                "A_gen.txt:md5,9e878c8e8caee52cf2121e11cda2efbe",
                "A_nuc.txt:md5,fbe0f54ffb86fdab4aacce15c0f22051",
                "A_prot.txt:md5,a8fa5cbaf71a81a7bb74c6a4a5349fff",
                "B_gen.txt:md5,0cb7f9ed08d8bc1002b3ac0eb8ca98d1",
                "B_nuc.txt:md5,c544cfc250257d296136025612576de8",
                "B_prot.txt:md5,9bf6ec132efa10cd0a82b3539a1c1d64",
                "C_gen.txt:md5,d35c7262bb561e2dd43defeb26a8d734",
                "C_nuc.txt:md5,83af343e7ad2c2f9c77ebb7197b2f3bc",
                "C_prot.txt:md5,4da6f5f0072f29f647ce774ae3359b77",
                "ClassI_nuc.txt:md5,4e9c1c87f32d27cd74788a2bd20443ef",
                "ClassI_prot.txt:md5,1c69d4bb4c7c230af94ee76ce5116cba",
                "DMA_gen.txt:md5,dac1b8a1347c1bac3741ffeebcd9b673",
                "DMA_nuc.txt:md5,7ed65f802b9e3d6ed7d10361342ad74c",
                "DMA_prot.txt:md5,95c5d9e6c9d5636cca69c01f27efeaf3",
                "DMB_gen.txt:md5,caae7a42098ecfc7ffe5f5f7c00ac93e",
                "DMB_nuc.txt:md5,03a56c5d9dd455e051588f5c0d353475",
                "DMB_prot.txt:md5,c3a1d00a7111c00f5c74657b2b2737fb",
                "DOA_gen.txt:md5,9dac2a947b525bbf75c58ab26f633844",
                "DOA_nuc.txt:md5,72b5ed9441260af4a0a9948d05a1b373",
                "DOA_prot.txt:md5,b5b53abb81a832321b7ec0e974ff4d5a",
                "DOB_gen.txt:md5,15b44bde413532401917210bb8d46c96",
                "DOB_nuc.txt:md5,12b23d8c102ded0023ac93f56b35333b",
                "DOB_prot.txt:md5,a1217cddc93487c619dc8d4bb862557d",
                "DPA1_gen.txt:md5,05f9ee29bab0331d416a79ffb69a5d38",
                "DPA1_nuc.txt:md5,e76adca6d5ea970086c1bbebb356e783",
                "DPA1_prot.txt:md5,d9bf086eaebb95e275f3b6e0fea24920",
                "DPA2_gen.txt:md5,bc9ec7af6edeb7af93ebf1a835a93dfd",
                "DPA2_nuc.txt:md5,d3fd6b72410f6e01b9cc0350d9e207d6",
                "DPB1_gen.txt:md5,62a759987f6b51a890985ff316a288fc",
                "DPB1_nuc.txt:md5,2a9199b2c9ca701b03f18e2005499688",
                "DPB1_prot.txt:md5,0330f8dd3f2f78fe1a718c58bc43ba86",
                "DPB2_gen.txt:md5,9c074bf5bc2c4267cea416fc7ff6a7af",
                "DPB2_nuc.txt:md5,68755ea453454de0851335079923f138",
                "DQA1_gen.txt:md5,8392f44504a22ae855d0686ff1967443",
                "DQA1_nuc.txt:md5,51f188198d2e7ec2baaf549c9b92abcf",
                "DQA1_prot.txt:md5,a625c79f82c9e19319bb944bfeda65da",
                "DQA2_gen.txt:md5,7a60e5db26fac5cd03f2c9225870709c",
                "DQA2_nuc.txt:md5,b5aa2ffe62bb0ca3071bef7a055b9555",
                "DQA2_prot.txt:md5,0068cb4550a974737c4c26406fed37c0",
                "DQB1_gen.txt:md5,9b3157d91dd924685b6972e6488f8dff",
                "DQB1_nuc.txt:md5,09ac010a4caccfa8143f58190f499688",
                "DQB1_prot.txt:md5,9a55bef59118e4068a4b7690fabe4371",
                "DQB2_gen.txt:md5,b4c2ae551c848de4330c1c04995af7be",
                "DQB2_nuc.txt:md5,9c5f06a962bcd38f0d3c918a09af275c",
                "DQB2_prot.txt:md5,e180a5c198826d413c8a3fa4f106d2f6",
                "DRA_gen.txt:md5,1d561871123d7fe179e0814ad1a25e0b",
                "DRA_nuc.txt:md5,88431b63be9232206b597ea427e732b5",
                "DRA_prot.txt:md5,eecdcfe05619ec366ca675e8456b4e32",
                "DRB1_gen.txt:md5,b166b4cc196e1c5d70dd0bff64b7c71a",
                "DRB1_nuc.txt:md5,8de3b55a5b97436dd0aaf868c8356f28",
                "DRB1_prot.txt:md5,f549e04a0467693bc8fd8f05be526105",
                "DRB3_gen.txt:md5,aacafa33172b88a59dc1c59a79f1d062",
                "DRB3_nuc.txt:md5,f5b0be228f51604926fd3e61c6c55fdd",
                "DRB3_prot.txt:md5,f992e627c29c94ca3dc735d0cb2d3db7",
                "DRB4_gen.txt:md5,a57a8a715bb94089e417e82e90a2c909",
                "DRB4_nuc.txt:md5,fc0e2b2ea3b69b5aa24ce64a23e474b4",
                "DRB4_prot.txt:md5,e755f4e7946a97d04cad9cda0e3614dc",
                "DRB5_gen.txt:md5,6c07e134488245ed020abf6ae33a51d8",
                "DRB5_nuc.txt:md5,6a3b3b7cf04d868548b1111d814761f9",
                "DRB5_prot.txt:md5,8bfd125e3fed4160e49818f62886accc",
                "DRB_nuc.txt:md5,d609ad2f7df343e799d777090444f5a0",
                "DRB_prot.txt:md5,7097675e781d419fc128dc1c5dd5aa37",
                "E_gen.txt:md5,ee7ad4ef54fcdf9be9f1e66d845df5f2",
                "E_nuc.txt:md5,7ffbfe7dbd1ece8348daf7ff948f6743",
                "E_prot.txt:md5,dbd30f86073ea16ccb6007a35d5d56bc",
                "F_gen.txt:md5,a391ae99a882e27cd3a4fe3388752655",
                "F_nuc.txt:md5,f0d4193edde362d7a65abec834d47424",
                "F_prot.txt:md5,e175bbce5bacb6f720d498eeeba90cac",
                "G_gen.txt:md5,717ce21f09a95285a1fa7800ba6aa33e",
                "G_nuc.txt:md5,d82eef60c731c9e76192b4f6e7aed490",
                "G_prot.txt:md5,18127a0ef5d9fad94747bde20884af5b",
                "HFE_gen.txt:md5,91dc1e7f55191906bf3b5167db6a51d0",
                "HFE_nuc.txt:md5,ff4864ab16ee7ea3dee7046019ceb46d",
                "HFE_prot.txt:md5,cd821460fd4bdf65de79997072f61db0",
                "H_gen.txt:md5,f2deb1425219f29bc8c111f0f4934031",
                "H_nuc.txt:md5,50abbe322dcf1db96ad54151e9f0fb7f",
                "J_gen.txt:md5,14b7b528398f2d3b421f1c244c5dc971",
                "J_nuc.txt:md5,c2669ddc8780fced1ff0d7e25782850d",
                "K_gen.txt:md5,1f61c3c75425c3f227e220b8c7857cf9",
                "K_nuc.txt:md5,d69dd3995e807a7376fe83ddac71299e",
                "L_gen.txt:md5,4829b84a056c679dd1d80a971921911d",
                "L_nuc.txt:md5,c400896522a08830eb0f64d9a8a154ca",
                "MICA_gen.txt:md5,1e18b2dd83d47139021690899a9937e3",
                "MICA_nuc.txt:md5,1406d43488c2a2a9c41667fff22d93fd",
                "MICA_prot.txt:md5,242cec1aceec2bfa0242b21e59cc9388",
                "MICB_gen.txt:md5,131ac1e4f9739f7187991580858f2725",
                "MICB_nuc.txt:md5,277b8e5f7a2481ad212269e9f33c28f9",
                "MICB_prot.txt:md5,5fbf72726dbd5464a36e3eab5b08c7bc",
                "N_gen.txt:md5,0acb912cae3eb1a9b68ebd63988ccb7b",
                "N_nuc.txt:md5,cc203246895eda8c400e48b2fd275553",
                "P_gen.txt:md5,cfd7b2fe004afbd8bb3aba3fc3785fb2",
                "R_gen.txt:md5,4f530f308d68f167b68744fe236fd116",
                "R_nuc.txt:md5,1c3d9c05330fbff148e0fb9d34d1d328",
                "S_gen.txt:md5,fddc99cd0494791389c97e448a3cab7a",
                "S_nuc.txt:md5,7ca766ef88d2b46d94df6ab09f54f21c",
                "TAP1_gen.txt:md5,904b3e0fe03525062d6facb4d4d5b428",
                "TAP1_nuc.txt:md5,c46bf013b6a1b822012885119dc51988",
                "TAP1_prot.txt:md5,c8d9d3726172556f033a01caf79f5316",
                "TAP2_gen.txt:md5,398f9aa640868d54e2d1fcbd8f00821f",
                "TAP2_nuc.txt:md5,b08ebc8c90f6f521ad8768666ca672c4",
                "TAP2_prot.txt:md5,58db5145f430317bcfb4fc691f9cf7c0",
                "T_gen.txt:md5,ffc5bb70b074f73e8587848ee8021136",
                "T_nuc.txt:md5,6ba8f6048a561acc2bde5f231f002627",
                "U_gen.txt:md5,1779e5e8954a93f7c02411c47f7dd169",
                "U_nuc.txt:md5,7d9f74d53d9230af4678bcef4e1c24a6",
                "V_gen.txt:md5,29650228a712707b020862bb513d93ab",
                "V_nuc.txt:md5,9c0c36e2fe44b01bb0ed8c526947b61a",
                "W_gen.txt:md5,e3fa1214a6593fbfd972fced858c579c",
                "W_nuc.txt:md5,ad437457dae7cf3e83c2a65a0661a7d8",
                "Y_gen.txt:md5,307a9813139d8d6da246bfa3450a2a19",
                "Y_nuc.txt:md5,2de54f8cb7934d6f49651a3d4aeadaff",
                "Allelelist.300.txt:md5,a9584fb7262d0fd758d234ead81e2256",
                "Allelelist.310.txt:md5,9196be9d8230bed45d1524306f99f758",
                "Allelelist.3100.txt:md5,97fac73aff5d5e14a941cedd0b83fb73",
                "Allelelist.3110.txt:md5,a12ef93d04b2fb292c20cb61da4893b3",
                "Allelelist.3120.txt:md5,867cbd67065cce85265978bdd865f333",
                "Allelelist.3131.txt:md5,26a88bb1cd37902d39251c8a1f28b46f",
                "Allelelist.3140.txt:md5,b7b4560b7735535dee0e18a69002a541",
                "Allelelist.3150.txt:md5,5de46e47d2ffca1fa1f1598cc3951d53",
                "Allelelist.3160.txt:md5,780293125af247d1cd40bd9806097a06",
                "Allelelist.3170.txt:md5,a0c9557adf70d52c74fbfd338aec0e7a",
                "Allelelist.3180.txt:md5,5fc20f8ce8468654d3974d48966e1622",
                "Allelelist.3190.txt:md5,feee83bf2c1403b83edb7a93ffe8bad1",
                "Allelelist.320.txt:md5,93886d5866207adfe3727d32651a912d",
                "Allelelist.3200.txt:md5,10e5a7fb4329cb7b3142fe0df5d77d52",
                "Allelelist.3210.txt:md5,3dd4a2a0faafcce3a589443630a701e9",
                "Allelelist.3220.txt:md5,54ecad0c40597db68e9386125592b9ff",
                "Allelelist.3230.txt:md5,4218402121b28b6ef8c5fda338d6a472",
                "Allelelist.3240.txt:md5,c84b83d4a1a222109774da7e3f8857cf",
                "Allelelist.3250.txt:md5,261e5067701968942659b8dec065b2d6",
                "Allelelist.3260.txt:md5,15de42665a253fba06395beb0e276191",
                "Allelelist.3270.txt:md5,58a247f2207cd99d5b59d6c4eafa1186",
                "Allelelist.3280.txt:md5,775d0984cb3b73597da2854526dc6c2c",
                "Allelelist.3290.txt:md5,d433e438e097a7aa5dc06e7d20105db8",
                "Allelelist.330.txt:md5,98d441a8199697db2319e1e9b5cdf6c8",
                "Allelelist.3300.txt:md5,d86ea899e0fbd38e479f37e90a668784",
                "Allelelist.3310.txt:md5,b30985a6564dda5aa2ebafb4eb817d10",
                "Allelelist.3320.txt:md5,4c21bf3f06291a819b7830a054d88480",
                "Allelelist.3330.txt:md5,afc5559b47766a197068ecb79bbbfc0d",
                "Allelelist.3340.txt:md5,dd403e4a81c656535ffcd5df4ea17129",
                "Allelelist.3350.txt:md5,ba8ef8e5226fa1d1e8b38b6083e641b0",
                "Allelelist.3360.txt:md5,cd579c16f27e25602add164961067587",
                "Allelelist.3370.txt:md5,b6526c32f0c4206636f326673e473809",
                "Allelelist.3380.txt:md5,9be1081587729b6473e47ab58147a7f9",
                "Allelelist.3390.txt:md5,c530de511a3cc68160503fa0b2d14857",
                "Allelelist.340.txt:md5,e204a8a2b00cf2f5c14237306abd543b",
                "Allelelist.3400.txt:md5,4b9fe41130eb6cf57c864217d52d58c5",
                "Allelelist.3410.txt:md5,886a9783e6e229dbde7ed72ac7b0bed0",
                "Allelelist.3420.txt:md5,9e6ba86d0855c99f5c70db278e8ac2d5",
                "Allelelist.3430.txt:md5,af202b5ca57179fad56a6c42b21279e1",
                "Allelelist.3440.txt:md5,bfa614dcf7732b5555fa0b8b46e6bc2c",
                "Allelelist.3450.txt:md5,0b6a71a9314c5fe8c6e3d5c944e19fcd",
                "Allelelist.3460.txt:md5,5a7618819498b88d0790bf4d58975d13",
                "Allelelist.3470.txt:md5,c3f7f4d9b72d96efc3d384bd6942f84a",
                "Allelelist.3480.txt:md5,ea21961a64e774e81cc26038362435fa",
                "Allelelist.3490.txt:md5,c3267675de069127ed284365fb02ce2f",
                "Allelelist.350.txt:md5,b9202c3d71e101dbd5fdb3d50c6d7831",
                "Allelelist.3500.txt:md5,468a50a4a69dbe0e22a2fc66faea8360",
                "Allelelist.3510.txt:md5,bdd63e221305685f48133cea1a7b462b",
                "Allelelist.3520.txt:md5,d280a2450277da2a70a2d5974dc76223",
                "Allelelist.3530.txt:md5,c827c74ccd9958872993e23bd5d988f0",
                "Allelelist.3540.txt:md5,13ac917a043ed599c3aed67a48c8a0e4",
                "Allelelist.3550.txt:md5,539139561f108ef79104468148885d75",
                "Allelelist.3560.txt:md5,c9cc7a13a69ab2d284c47a7d8bcea847",
                "Allelelist.3570.txt:md5,adf62cd37b582c942dfcb598953cb811",
                "Allelelist.3580.txt:md5,f3f15e8ebee2d0666c87a0ed68db8857",
                "Allelelist.3590.txt:md5,6e28710885fbb8d5bf7c83ed74ee19c0",
                "Allelelist.360.txt:md5,610bdbfe41364bd4dae13aa734899a3e",
                "Allelelist.3600.txt:md5,08c2c8fd0ed6af11b615fb94a7a4a9bc",
                "Allelelist.3610.txt:md5,ee4f9a698ff7c684915dca63a70968f5",
                "Allelelist.3620.txt:md5,d326df3ac314dd5d40e76ef15745864a",
                "Allelelist.3630.txt:md5,0744c132323b86eeb3e040d4c19ae81e",
                "Allelelist.370.txt:md5,44c4e8f1c4ecb7d23d44a05344f5acef",
                "Allelelist.380.txt:md5,a1395173ddf585cca73dbb5d905674f6",
                "Allelelist.390.txt:md5,e2a89a27cd90e5db7b27ddba4bf544fa",
                "change_log.txt:md5,055d29b07199a903603c8fb41d248ec4",
                "A_gen.fasta:md5,6aebfac161206d8c21f88baf88689051",
                "A_nuc.fasta:md5,9c4e9c2f7d663695a4cd63445b7c8dcb",
                "A_prot.fasta:md5,e21de175cffc2e3688e9c419af468b88",
                "B_gen.fasta:md5,764e3a5944c63c4961ee3cfbcb4be5ea",
                "B_nuc.fasta:md5,d572dd9922412298d4695e1bae4b1a49",
                "B_prot.fasta:md5,c9bade3bde2440a8055050bf7832e526",
                "C_gen.fasta:md5,79b702f8ba66b2973713883d11733881",
                "C_nuc.fasta:md5,deb98f57a83c986df04bea14cc9e133e",
                "C_prot.fasta:md5,b160c88ae963864e92153b83cd5bc51e",
                "DMA_gen.fasta:md5,e4559e9e7838bc3bd0fed70828d2b3d5",
                "DMA_nuc.fasta:md5,f9e3707c019f1a6360a1f1db48b3ce7b",
                "DMA_prot.fasta:md5,a225771c5e757953696941add040e488",
                "DMB_gen.fasta:md5,10da3074f374d47eaa09cd9fc57f8658",
                "DMB_nuc.fasta:md5,cd89e60a590256dd04e6c8834341cd7d",
                "DMB_prot.fasta:md5,fbb000c9142d4a45be9e2c646fbb3aea",
                "DOA_gen.fasta:md5,a50cb73055c29e17dd51cca5fe593ac4",
                "DOA_nuc.fasta:md5,6103982faa8c1eef3b7632af52606065",
                "DOA_prot.fasta:md5,811cca95fce86d7cb5a39870cd082261",
                "DOB_gen.fasta:md5,609a62d7ef9f8e8413941cbb81e6a1d3",
                "DOB_nuc.fasta:md5,5eaed7d3b4fc2af1f4c5686ce57b4d20",
                "DOB_prot.fasta:md5,5f4bfee78e4930b976d26e7be31a0395",
                "DPA1_gen.fasta:md5,f6477b600e6bebe284b90df6e09274b1",
                "DPA1_nuc.fasta:md5,2cee69670ba9f4ce8ba3df655b30a7e8",
                "DPA1_prot.fasta:md5,bfa0f0e7e1d11b54987310c24677254e",
                "DPA2_gen.fasta:md5,c0759df84bf7e23b7a446011b365e83b",
                "DPA2_nuc.fasta:md5,7e1a3f34da8fe8d6c0a826233cbe15d5",
                "DPB1_gen.fasta:md5,2eeb7279930873f579af5ef6ef14b352",
                "DPB1_nuc.fasta:md5,9b07fa73cf22ab57140d1e62cdb984e2",
                "DPB1_prot.fasta:md5,d2b8a82b892e58cf388652124629d67c",
                "DPB2_gen.fasta:md5,ad692cdc3292b855d1be21a924270e15",
                "DPB2_nuc.fasta:md5,d4281a91496e2c449703c32212795aca",
                "DQA1_gen.fasta:md5,6d7eebde17c64022c70806c39f2acdc2",
                "DQA1_nuc.fasta:md5,41786116f4716da8089a7b0909e7eb36",
                "DQA1_prot.fasta:md5,518be46fd14120a1baae9d75852b9130",
                "DQA2_gen.fasta:md5,d9375614786719d84b1ebf4621c78281",
                "DQA2_nuc.fasta:md5,b90041cbe23360a4625f952560b1afda",
                "DQA2_prot.fasta:md5,98d3a3b15c846d9bbb7f70887428149d",
                "DQB1_gen.fasta:md5,0dc3790935045db3cb06daa927c90063",
                "DQB1_nuc.fasta:md5,af0782acaef8e58d7bf9f326d44b99fd",
                "DQB1_prot.fasta:md5,b82d9fd5ae739077c8b08ae475b6be77",
                "DQB2_gen.fasta:md5,f8a2e914d637f975553fee5590489509",
                "DQB2_nuc.fasta:md5,4fb4106f0916dbd5b788d3e1248740d1",
                "DQB2_prot.fasta:md5,80813d82cf18c899b592fe781b47324e",
                "DRA_gen.fasta:md5,e1b922698c9b55178c1ed22f7c5d0367",
                "DRA_nuc.fasta:md5,1b25731a5df0c54e55389c07acd2c9a1",
                "DRA_prot.fasta:md5,9cda7078b16bcb5d4df7e1e592c0c3d1",
                "DRB1_gen.fasta:md5,16ab13059184f7ea76f46f9a644decd9",
                "DRB1_nuc.fasta:md5,2d67376afb75d54484a3a9d6d6b25535",
                "DRB1_prot.fasta:md5,4620167daa1cd40f6069dd728a867921",
                "DRB345_nuc.fasta:md5,5ac4d73ee6d256cae02e4026ddefb0af",
                "DRB345_prot.fasta:md5,e543d0350508c1241fa03659b76cf260",
                "DRB3_gen.fasta:md5,feb083df00e4f62387afb2bc6b08d0ad",
                "DRB4_gen.fasta:md5,cf028ad1aa35a7a92d785d81a443f50c",
                "DRB5_gen.fasta:md5,6e9aa047b4278070874493ef1d9afabf",
                "DRB_nuc.fasta:md5,10a41b39c67befd1385a7484477cc396",
                "DRB_prot.fasta:md5,67b58687cd71d1410f811c47ad1a3845",
                "E_gen.fasta:md5,a06fefee86635cd68c8df6e6d4126890",
                "E_nuc.fasta:md5,bbb80e65f7644c159f5da95dcea46045",
                "E_prot.fasta:md5,81f34d3fc686be7b3dbec426058e29f6",
                "F_gen.fasta:md5,302a53c06d737e80636d2777bbbdc0a7",
                "F_nuc.fasta:md5,88814dbf743c52b348690481c1cb3675",
                "F_prot.fasta:md5,56cfec18e529755d095e132061c87a64",
                "G_gen.fasta:md5,2cfcffd2a1596a4afbfeb6471160014b",
                "G_nuc.fasta:md5,406291dbe1432fa754b4c8ac9447cedd",
                "G_prot.fasta:md5,562808ea8f5c25e5d9ed314864d563d2",
                "HFE_gen.fasta:md5,a4a7ce3075b0cca5974a4a5a67ddf76d",
                "HFE_nuc.fasta:md5,ad0dbc990bfd305570f0cf20f1f03f6a",
                "HFE_prot.fasta:md5,ad43d0438e85bdbea65151e1ea78198c",
                "H_gen.fasta:md5,3f904a47a8c56384908cb54df0197ffa",
                "H_nuc.fasta:md5,fdaafa7647e5c0a6281a5c146a9ce48b",
                "J_gen.fasta:md5,a131e10dd665c84f528251ab9603469f",
                "J_nuc.fasta:md5,97df682e0774f711825131a47e70c6e7",
                "K_gen.fasta:md5,cd7cd5d144643d861806ead800feda03",
                "K_nuc.fasta:md5,4423345a94c4d427348b049dc5f27e74",
                "L_gen.fasta:md5,4c73665fbf69e3fdd825d4ca8be063a4",
                "L_nuc.fasta:md5,2d5be689a717c65d2d585726894dd019",
                "MICA_gen.fasta:md5,e7ac1da0f4d2e9a8725c9077986296d9",
                "MICA_nuc.fasta:md5,eaf6f8f55425f94c2b5e744f46d463b4",
                "MICA_prot.fasta:md5,db156ea16151fb7fd9785b144e10a5f2",
                "MICB_gen.fasta:md5,e88f905e24ddd4adcf2d2441c60f4245",
                "MICB_nuc.fasta:md5,426f2287df802460851c07daf34f188b",
                "MICB_prot.fasta:md5,06090fee80ddc53cac1ed124b395e8e2",
                "N_gen.fasta:md5,870ec1d5401744e8d503d7bec22ed6eb",
                "N_nuc.fasta:md5,8ef22a74316479e3b377a56e77ed1f1c",
                "P_gen.fasta:md5,b4c56b3c8e89e89742af513d9588ce06",
                "R_gen.fasta:md5,33518b23fc2ae6e5d3a253eb8b399d0c",
                "R_nuc.fasta:md5,e8c5fc22894a6e41cdadfbebb648091c",
                "S_gen.fasta:md5,51d65a57f5b8976fef7ce2f006868192",
                "S_nuc.fasta:md5,6321b97fe598783b3e4f9bd62f185ab5",
                "TAP1_gen.fasta:md5,a29b740de4f82bb58194ddb786b4f460",
                "TAP1_nuc.fasta:md5,9a386b0458b7d87ed734b5c470dee452",
                "TAP1_prot.fasta:md5,2a71463e75e0670a2735d266fa3b1415",
                "TAP2_gen.fasta:md5,f28d99ea74d73d182f049dca7584939a",
                "TAP2_nuc.fasta:md5,6b1eaadf3a32c4f1b2c25aee1298d19e",
                "TAP2_prot.fasta:md5,f90cad315efb2457bd8bf5d2a2392c40",
                "T_gen.fasta:md5,901904e5f763aa962c88e292aa52f965",
                "T_nuc.fasta:md5,c0368dc70d4a9cf42fc35b4b547d47b5",
                "U_gen.fasta:md5,c25be593d54d8eb7d1af51e3f6cfed53",
                "U_nuc.fasta:md5,df38bb7aa08c728d748d32503caf9353",
                "V_gen.fasta:md5,0de0e2db1bc58ece9b58efb155cb82a5",
                "V_nuc.fasta:md5,5a53db8a10c8b70cbc03b225a1fd9ecf",
                "W_gen.fasta:md5,8e43eb4b48a88a70d6dd3584b0f95a17",
                "W_nuc.fasta:md5,a3f7a66934d43a2e56134767b25a93da",
                "Y_gen.fasta:md5,f1d431cf6c1e7e9da3d2554635d02e08",
                "Y_nuc.fasta:md5,8971827bc0c7516e65bb30e1732a5705",
                "hla_gen.fasta.zip:md5,811693e5041f72833b3ed072d02be369",
                "hla_nuc.fasta:md5,fddeaee79290f2938116cf84ef44feac",
                "hla_prot.fasta:md5,91fcd2d425ed0aa5ffd33c552e978852",
                "hla.dat:md5,89ec7168d0ea99e3453928d9baa24461",
                "hla.dat.zip:md5,898e535255e29389a3d3c1bfbe4c46d5",
                "hla_gen.fasta.zip:md5,811693e5041f72833b3ed072d02be369",
                "hla_nuc.fasta:md5,fddeaee79290f2938116cf84ef44feac",
                "hla_prot.fasta:md5,91fcd2d425ed0aa5ffd33c552e978852",
                "README.md:md5,ac1d84878a82ccaa26fadc2c378454ba",
                "3.63.0_ReferenceSequences.fasta:md5,cf8aeda36124549b94d8b940a6b8c88c",
                "3.63.0_Reference_Alleles.txt:md5,18fe499e95a6848845af91e28f6efa93",
                "md5checksum.txt:md5,461b2933ff81021057f613b1b563584b",
                "A_gen.msf:md5,0f6d881decc247b7401f93e8dddfc67d",
                "A_nuc.msf:md5,0b0f46e47b58561ee414e1021d4e950e",
                "A_prot.msf:md5,32f497e1427424aa8ae535de99cce4b2",
                "B_gen.msf:md5,6d076c1a15774fb377cb0f817ef99584",
                "B_nuc.msf:md5,93062b75600a8b651add9a4c92c68232",
                "B_prot.msf:md5,7b02c0d570856e9369c710e51f7a5ecd",
                "C_gen.msf:md5,09d7574a35a9b9ce74eb4dadb3b12fa7",
                "C_nuc.msf:md5,e11dcbdd9eaf9f7d9784e7971bad6cb3",
                "C_prot.msf:md5,8425b81895d918d3266fc7fa93454ca3",
                "DMA_gen.msf:md5,7d10c2511cfe5e0638d680df5600d9b7",
                "DMA_nuc.msf:md5,3310c5a30d0a97bfb7ff992cc3b654ff",
                "DMA_prot.msf:md5,09e9cc0d44465e0ebcf786fccbd272fa",
                "DMB_gen.msf:md5,677c87e7d5816dbcf1247319e2624412",
                "DMB_nuc.msf:md5,0f28ec769e49666af4f9b56accfb86d9",
                "DMB_prot.msf:md5,ba2c0197c2e41118a6be29dc963410b3",
                "DOA_gen.msf:md5,7174e4c5d1f559fb5a36318e9f067efa",
                "DOA_nuc.msf:md5,a8b19a97fe093897287b73aa0ff34e97",
                "DOA_prot.msf:md5,3f7fcca9ee1d699bc25b2de1b780133f",
                "DOB_gen.msf:md5,b55cbfcb5977411fc1f0bffbee33ddc6",
                "DOB_nuc.msf:md5,42417018cfd3d819cf7b4b40e656c90d",
                "DOB_prot.msf:md5,c62df6be191577b4bbbe4f3d75554945",
                "DPA1_gen.msf:md5,169d1107067898c07e4b69a67b544448",
                "DPA1_nuc.msf:md5,4e47bad3fde4daf011a6a13fcb0d8514",
                "DPA1_prot.msf:md5,b0bd30c22dbcc849b65334f8cdb8ddb6",
                "DPA2_gen.msf:md5,0b1a2a0a5666b9b6bb030f9f2919e8b7",
                "DPA2_nuc.msf:md5,258a801c9186e6f1ab960a296a37bb29",
                "DPB1_gen.msf:md5,32af503e90f0c0e49e14a67bf556a962",
                "DPB1_nuc.msf:md5,08b342e4087a964e19bac365f9ee03aa",
                "DPB1_prot.msf:md5,647aba53c41d4d178470aedc3ecc055e",
                "DPB2_gen.msf:md5,595d8e8a625fb9a73d2e29911ba4cc0f",
                "DPB2_nuc.msf:md5,8ff1454a5d262da336957037427a92d4",
                "DQA1_gen.msf:md5,c4573d61c9586c66bfc7bfffb651d507",
                "DQA1_nuc.msf:md5,b618eb9670f577cdffae0a6f8d557b5d",
                "DQA1_prot.msf:md5,a774684f4fca864d930811fb968a1927",
                "DQA2_gen.msf:md5,f089bf6bce30e73b355a364730df4632",
                "DQA2_nuc.msf:md5,0a749945b469ab10c6f933191cbe719c",
                "DQA2_prot.msf:md5,ba7eec9defd3c9e0217519e4bbced453",
                "DQB1_gen.msf:md5,f5d0f6820e70a03ea1662c4c6bcd0ba2",
                "DQB1_nuc.msf:md5,cc0aa80e003b607d467582e20b7af856",
                "DQB1_prot.msf:md5,081e6c33ddf1821a3d36c094354792d2",
                "DQB2_gen.msf:md5,8055a75c064bc98890ba4936222422b2",
                "DQB2_nuc.msf:md5,624ec4bf140e37708bdba49a77bdeaa9",
                "DQB2_prot.msf:md5,1a60166eceb9b4518e9021456c482325",
                "DRA_gen.msf:md5,43fbdbd9dc7196f99b4d6e5d3da82858",
                "DRA_nuc.msf:md5,464e1b2b5f3329c16670c6df24b9cd2c",
                "DRA_prot.msf:md5,5af20bea4e6af142d4d56d96484f09e6",
                "DRB1_gen.msf:md5,f93a96dc65b3f6237b0ca4e6c772c457",
                "DRB1_nuc.msf:md5,1a13b7bb8cd2e6c77cf97fd87ec6482a",
                "DRB1_prot.msf:md5,1eb1f08bdde3d976913985f2083f441c",
                "DRB345_nuc.msf:md5,5272ea6672e63fa43894b9996fb2c1a9",
                "DRB345_prot.msf:md5,469173ffa733cbf7fd91320d8a3205ea",
                "DRB3_gen.msf:md5,611d408fa5b2dceaf2ebe5ec9d09448a",
                "DRB4_gen.msf:md5,f7fee468e5fea7b7b8729b0b0c9f70be",
                "DRB5_gen.msf:md5,b480449722f7693b617caea97a82bd33",
                "DRB_nuc.msf:md5,b8daed98f313c8b049961c43ac329555",
                "DRB_prot.msf:md5,0a3392b93607eadcf8f24051af3cebad",
                "E_gen.msf:md5,7f43c2e4fca109737f69c7ea69ec3d1f",
                "E_nuc.msf:md5,408e74ab6a6f2ad3c587a0fcbb5a58f1",
                "E_prot.msf:md5,8504160025bbae7f66c76b19577707e0",
                "F_gen.msf:md5,2ddb5dd7561e992b2b3b1e9a012a1bb5",
                "F_nuc.msf:md5,f2159df997f9139745f4c1336f25c859",
                "F_prot.msf:md5,2079e1a0277effa38c609930af192e63",
                "G_gen.msf:md5,4c692d6ebd780fe373a5861b92ee0cf8",
                "G_nuc.msf:md5,4f20f9ac50f6db01777ddb1e15e57e78",
                "G_prot.msf:md5,3a1b6cfe44bbd3be2a65a89877503217",
                "HFE_gen.msf:md5,dd7c56c78d19ef4c18b6c451919ee667",
                "HFE_nuc.msf:md5,9c818da157574707e38299c4bf8658a7",
                "HFE_prot.msf:md5,6123aad9c174e571e8aeb63dab306010",
                "H_gen.msf:md5,952ca72062166f21c8b09f6c8f3e0262",
                "H_nuc.msf:md5,0cd18bd529e7861fc3f38961f95d752f",
                "J_gen.msf:md5,3f6969615613407db2f9c375aa2830c6",
                "J_nuc.msf:md5,39b243a36beb16c8b55a2bdc5804ea11",
                "K_gen.msf:md5,7c868201d8f338c946fa9f50c7ce3abd",
                "K_nuc.msf:md5,99d721312875b4997007a7fa353f0eb1",
                "L_gen.msf:md5,9a7d37d15281b2a40ef8ead16e77ec96",
                "L_nuc.msf:md5,eb663b3a442219ce0c09de8944cce9e1",
                "MICA_gen.msf:md5,efb886f4adff9a7fa9f403fc221478e2",
                "MICA_nuc.msf:md5,bee4f7617382db5893cea21d1a07d6cb",
                "MICA_prot.msf:md5,0109599b4dfb6619a0d6b41d4e305c27",
                "MICB_gen.msf:md5,fac7f9e6c614a984d8c17e63a73538b2",
                "MICB_nuc.msf:md5,8e33032aedd952f72f7187f984353582",
                "MICB_prot.msf:md5,12b2253a4e1c72c2a5d659ce156163ca",
                "N_gen.msf:md5,2b4523bed3d56bc3d1a693309b683f2b",
                "N_nuc.msf:md5,b7039446aee681de4930da370b4b17a7",
                "P_gen.msf:md5,792a71a16943a539fc914451a7cec1a8",
                "R_gen.msf:md5,fde023030dd023da045c66f7e5f37ca1",
                "R_nuc.msf:md5,0257d3007d02e2ce6b21498fa74c1ee0",
                "S_gen.msf:md5,efffefcad79f3a157f71c8c42d61b352",
                "S_nuc.msf:md5,8834121b8a442e5d69436398d00bf378",
                "TAP1_gen.msf:md5,940dc22f5a0c08b61fb3a84250950a79",
                "TAP1_nuc.msf:md5,f15901915ffae881d88f18113a3fc0b5",
                "TAP1_prot.msf:md5,23c65e3bc2945c15038f6baaf3207dd4",
                "TAP2_gen.msf:md5,ceb5af9c1d8c2eccfff376f3a7ae1149",
                "TAP2_nuc.msf:md5,605b2898435dae22ffc9a68d728273b1",
                "TAP2_prot.msf:md5,bc560c7859cc2d36dc91b714e7245da8",
                "T_gen.msf:md5,0e098a7c23463e5568f913fd981e039c",
                "T_nuc.msf:md5,2bdd23812eb15fcd9a349dc1456129eb",
                "U_gen.msf:md5,d90a088e186130ea9ea59d11988d1422",
                "U_nuc.msf:md5,fd8e493d8242c39b3105ab22a13f815d",
                "V_gen.msf:md5,b310b232200448859c75a850e2648f0d",
                "V_nuc.msf:md5,98b7ce458e5e318b2832e12576b062fa",
                "W_gen.msf:md5,3172b1f3d6e847b152bf1508ad61e0e3",
                "W_nuc.msf:md5,f9a4a6846acc0dcdafed3c72f33d1914",
                "Y_gen.msf:md5,d8fb08d8ab25cf373d2c7751838cc88b",
                "Y_nuc.msf:md5,ae9c955b6cddb7e7c21c3f8b35b9fc92",
                "allele_oid.txt:md5,2a72fbafe5277eaa549e6af68a46f31a",
                "antigen_oid.txt:md5,16f40f8cd8958911eb8c4f82c758e416",
                "A_gen.pir:md5,ace2cd75de673603242a0785b07566cd",
                "A_nuc.pir:md5,ba910018d21cae040f0a2b1abe808289",
                "A_prot.pir:md5,7287a9e1262520aaa17dc18f84197c3d",
                "B_gen.pir:md5,d919e63bccb6a1a4dcf03ca2099f09c6",
                "B_nuc.pir:md5,a30b0bd49eda5acc3ef71ed92323f1a4",
                "B_prot.pir:md5,fd7589df77051205792b5f3ac951d33a",
                "C_gen.pir:md5,db20911d80b33bddc3dc9ddf585b1c65",
                "C_nuc.pir:md5,5e0a037ffada3e8ab1bab1168c566c0f",
                "C_prot.pir:md5,1cb26adfb3644f69c92683cd95f686d6",
                "DMA_gen.pir:md5,36c7ef1f7f30cfd1d59f29005131f672",
                "DMA_nuc.pir:md5,ac08bbc33aa7418f011ca6f651702f67",
                "DMA_prot.pir:md5,b7a02953b1bc9f5dd8155a631f8db556",
                "DMB_gen.pir:md5,a57dc43c6544646e71b14a5157d530fb",
                "DMB_nuc.pir:md5,7a3c00e05af42a68af83aa240548a908",
                "DMB_prot.pir:md5,ce4ac7c21acaab97dfab8d42948f919e",
                "DOA_gen.pir:md5,f79a70754bb5ff30464914afc368ada4",
                "DOA_nuc.pir:md5,1320fbbde1489a0d314b16ce3c4ef5da",
                "DOA_prot.pir:md5,583bb5fcecaff54e37d8602146bf99c5",
                "DOB_gen.pir:md5,6b3206ac27b793f9057af978df6a5d37",
                "DOB_nuc.pir:md5,132549667329e9a831271c9585ffe2af",
                "DOB_prot.pir:md5,ffd8af646b8537a516d06dc85f9fee47",
                "DPA1_gen.pir:md5,14884b68509efc6a57cb227a859fcae4",
                "DPA1_nuc.pir:md5,2aad03ebc082a0a4c56e05d04bfd8e07",
                "DPA1_prot.pir:md5,e09268025f725fc13302a9ee67d01044",
                "DPA2_gen.pir:md5,a70c2cbe3298f3e02798786c2c405c41",
                "DPA2_nuc.pir:md5,ad62b8317b4b2b5ffd7c7f8d684b7c0d",
                "DPB1_gen.pir:md5,379d76e8b7b9527a69b243358690aad8",
                "DPB1_nuc.pir:md5,c9b49e8a8b263c27506c926e8f9ec4f5",
                "DPB1_prot.pir:md5,5e65aced350f8786bb0c869f4b761ea9",
                "DPB2_gen.pir:md5,dab8ad6b8226c6a56908046aea18e9d7",
                "DPB2_nuc.pir:md5,fa5b2b02fe4c0488a4e939a26b88ad49",
                "DQA1_gen.pir:md5,f5f56e91751edc073ab6ec74cb54478d",
                "DQA1_nuc.pir:md5,32095a117133b246a2a54e2deb0c3b34",
                "DQA1_prot.pir:md5,6844f323c7168a3d21290f9b0202319b",
                "DQA2_gen.pir:md5,649fdfccc6cdee334a99e3c084ccd1c4",
                "DQA2_nuc.pir:md5,4054f46713ed31f5c5bb80d20c21f909",
                "DQA2_prot.pir:md5,396ec7caed072d8633c1e25b54cff171",
                "DQB1_gen.pir:md5,25deba88eba26905769324adcd759012",
                "DQB1_nuc.pir:md5,b60b7fa981d789bbdc4db1b58e1965f3",
                "DQB1_prot.pir:md5,72709075d89870230daea4182fa03c45",
                "DQB2_gen.pir:md5,97207a5279aef69b44d2668930d25c27",
                "DQB2_nuc.pir:md5,5d1df133d0f7d82859899e69a362a77a",
                "DQB2_prot.pir:md5,61e46fe4251a5db4ff4fa48625fa9119",
                "DRA_gen.pir:md5,1a95bbf80675efcf942012f159b73ac1",
                "DRA_nuc.pir:md5,86932e504e6137f46e58cca5eb7f3df9",
                "DRA_prot.pir:md5,4cad46815b7ac3b249dc7f9d6bc021d6",
                "DRB1_gen.pir:md5,910c02d7b1779dc63b2e01c28e5c4ed1",
                "DRB1_nuc.pir:md5,e71148307a4ce1f2180a8e61f9bcc21e",
                "DRB1_prot.pir:md5,d72c4990aa5c81940101227ec14fabd2",
                "DRB345_nuc.pir:md5,41c0dc5e902dffa802285f2f999e4dd0",
                "DRB345_prot.pir:md5,2483bc8147fbd262b13ec54f15ee53dc",
                "DRB3_gen.pir:md5,4c9984faeca72e77d1bd1ce725e4132f",
                "DRB4_gen.pir:md5,dbf7fa9baaf9e15eb4c8f486d2871a07",
                "DRB5_gen.pir:md5,8772fc97c1c81c2799a43e93d2cd5a39",
                "DRB_nuc.pir:md5,19aece6a4773e28b00c44aba655d4a0e",
                "DRB_prot.pir:md5,f799fcb3d4379b6b2e9697d6edcd04f2",
                "E_gen.pir:md5,38574403261134c1e55db2c6ee04c70e",
                "E_nuc.pir:md5,53bc26ef43dff4ffff9626be7c50787d",
                "E_prot.pir:md5,a695047b44f4d048238f8532576c9a87",
                "F_gen.pir:md5,25984c809b603f926543efc70b7dc572",
                "F_nuc.pir:md5,4d5354739f10a95ac3bfb37c48f746a6",
                "F_prot.pir:md5,c24cdc4999fdfce516701b380fd856dc",
                "G_gen.pir:md5,3fbebe0670e7f779fba597353387e53b",
                "G_nuc.pir:md5,b95f7299e2cab157beb71ac191001053",
                "G_prot.pir:md5,718c8d1f6fb5f00342dbaedfd63ab50d",
                "HFE_gen.pir:md5,7cd9190e1982eb3f685f001f629d6415",
                "HFE_nuc.pir:md5,42af3edbff9bad08fe0b4733716686c3",
                "HFE_prot.pir:md5,3f6328da839ce297db1b543c488381a2",
                "H_gen.pir:md5,1fe591024a18b6c7d3a5eec5a1c3e022",
                "H_nuc.pir:md5,5a2d9325e872078bc3800923dc5507f7",
                "J_gen.pir:md5,2c5e0d65a931d7881ede135c8e4dd4e1",
                "J_nuc.pir:md5,30e84233537314ce486ee50f54538355",
                "K_gen.pir:md5,3d9738fecd614cbee9edd326ef5b845c",
                "K_nuc.pir:md5,954c9cf8df99f0d443f8f2f2f4d5edab",
                "L_gen.pir:md5,6b9eca1f6da1b759005fbcd7f101ed0a",
                "L_nuc.pir:md5,99faa6d3b1ec1d2cf6442fb1a962e1b5",
                "MICA_gen.pir:md5,a5aafc8ff001c2770653a28403a413d2",
                "MICA_nuc.pir:md5,99b0f41eccf878d248aa1b0b5bd1efcc",
                "MICA_prot.pir:md5,5369c8ef083519579e265f4390b0beee",
                "MICB_gen.pir:md5,ef4b1c66354023d645b509b696740ebd",
                "MICB_nuc.pir:md5,454b57826f14f26c7359b1fd58bc041b",
                "MICB_prot.pir:md5,c0ab66b0abc1dd25c4c7bcca2464870d",
                "N_gen.pir:md5,b83aeeb539d08f190cb8f844a5b8182d",
                "N_nuc.pir:md5,f0c2f16a62d19b497a3d164c642f79f2",
                "P_gen.pir:md5,f1765260b754ec3296789245905ced64",
                "R_gen.pir:md5,1236275b9d2d6e4d14c87d02b491b634",
                "R_nuc.pir:md5,85cdd1eea2b4572dab82bcfae94a8b61",
                "S_gen.pir:md5,ce0c788d589d3c825e46c97ff4ab3c9f",
                "S_nuc.pir:md5,c7cce0b5b0d2b867b5febe967df3219d",
                "TAP1_gen.pir:md5,88d34eb430fa913832a4de44470e8c12",
                "TAP1_nuc.pir:md5,0916f78c6165b3ba295c9140138472dd",
                "TAP1_prot.pir:md5,11e05398fc96cedb9d2e034f418def75",
                "TAP2_gen.pir:md5,afe3eba73c4ef99f8d62b3a8d55ad340",
                "TAP2_nuc.pir:md5,4416603ee5bb96b202f905dbeba81100",
                "TAP2_prot.pir:md5,670ad5dfedce810142aa803817243336",
                "T_gen.pir:md5,493a5cca32f7b894267054718a2b10b3",
                "T_nuc.pir:md5,ca0a9d8daf1618a9f71dafb37b7c9416",
                "U_gen.pir:md5,a1cd978683f75c3f7c71923fa3028df3",
                "U_nuc.pir:md5,4c4748fa004a623e937d7b59fe2f2147",
                "V_gen.pir:md5,2eb26f8d6f1a57153c203071a1c4cf6c",
                "V_nuc.pir:md5,50f981409a2a0974eeedb1db8a4c72ee",
                "W_gen.pir:md5,02661780a0b0ad91628ec3e40d175af6",
                "W_nuc.pir:md5,f70c56bcebc6652b9a97ba79c3e53ebe",
                "Y_gen.pir:md5,743cbd7905f08443b3c5aef2321c077f",
                "Y_nuc.pir:md5,c5707702acbf95c7ae7fd2ce37f6d836",
                "release_version.txt:md5,765fa8a2773f9cb9941f1617dec292b8",
                "sversion_history.txt:md5,a22c9ddb4b4161ec047505a9e6371225",
                "dpb_tce.csv:md5,00dbf8ab2ca394b1037452fcfdc9d705",
                "version_report.txt:md5,d2b0a00ad780890ce6ba0d2cfcfa50e0",
                "README.md:md5,402515ccafec5f78b94035a17441bd0c",
                "hla_nom.txt:md5,1696f19cce11360ca94837abb92f2b7e",
                "hla_nom_g.txt:md5,cd94e0b6b5cd11878d534a7c66edb71f",
                "hla_nom_p.txt:md5,c7141f1a1c7153509fa0b1c60bb8b43c",
                "md5checksum.txt:md5,d070f37a452bbc04f142cc6aba1b3406",
                "rel_dna_ser.txt:md5,0cbf5863e0855bd1d5c5900dad98324e",
                "rel_ser_ser.txt:md5,b9e025313a2a21b183026549b138ba64",
                "hla.xml.zip:md5,b923d5174ccc13d72eeeddf3dd15a340",
                "hla.xsd:md5,0fd90c08fddfc141c619870d3d8e6fac",
                "hla_ambigs.xml.zip:md5,478800225ca40ed78237b1f67bf36fdd",
                "hla_ambigs.xsd:md5,dcb35b2740f299bd96f87e8bb133f2aa",
                "decoys_alts.json:md5,cf70dc59baae19b9bc0cc5542e574ed3",
                "hla_freq.tsv:md5,e8abc1f02dd958aed057436029151081",
                "parameters.json:md5,e5a87c37cb3fa837eb7f792ecd1f0278",
                "GRCh38.all.noHLA.fasta:md5,b4cbd61d7cbbe1d6f9f8bf5f00b457c6",
                "GRCh38.chr6.HLA.fasta:md5,22d92e8568b90966b14b06f878d40bb9",
                "GRCh38.chr6.noHLA.fasta:md5,84ea0622f62f99a852fe91b57e355f0a",
                "allele_groups.json:md5,1a1c8b4233db1c096e6b67451b782a19",
                "cDNA.json:md5,514d24e7b550af957518a1c50fb95806",
                "cDNA.single.json:md5,bc5073caea55864cbf510f67120f488d",
                "hla.convert.json:md5,113407702d45528513d43d40158b7deb",
                "hla.fasta:md5,75b7c931a5050a9b46432ea0e2fdcb25",
                "hla.idx:md5,2c6cf41657a51a41d22bc8431bf72f36",
                "hla.p.json:md5,25f2b78d74643f553dcf02ce43ccb761",
                "hla_partial.fasta:md5,9529b6ac3bdacf8191aa29d96839c688",
                "hla_partial.idx:md5,2c4b0567ddd40dcfc09ab9b61470c8a0",
                "hla_partial.p.json:md5,07ace63f2aaa2b543b3f39339b6dc965",
                "hla_transcripts.json:md5,a8c94d5ae61f05793bcaab8e07b59a13"
            ]
        ],
        "meta": {
            "nf-test": "0.9.3",
            "nextflow": "25.04.8"
        },
        "timestamp": "2026-02-02T19:02:25.814249825"
    }
}