{
    "-profile test_fastq_cat": {
        "content": [
            11,
            {
                "CAT_FASTQ": {
                    "cat": 9.5
                },
                "FASTQC": {
                    "fastqc": "0.12.1"
                },
                "OPTITYPE": {
                    "optitype": "1.3.1"
                },
                "Workflow": {
                    "nf-core/hlatyping": "v2.2.0dev"
                },
                "YARA_INDEX": {
                    "yara": "1.0.2"
                },
                "YARA_MAPPER": {
                    "yara": "1.0.2",
                    "samtools": "1.16.1"
                }
            },
            [
                "fastqc",
                "fastqc/SAMPLE_FASTQ_CAT_1_fastqc.html",
                "fastqc/SAMPLE_FASTQ_CAT_1_fastqc.zip",
                "fastqc/SAMPLE_FASTQ_CAT_2_fastqc.html",
                "fastqc/SAMPLE_FASTQ_CAT_2_fastqc.zip",
                "fastqc/SAMPLE_FASTQ_RNA_CAT_1_fastqc.html",
                "fastqc/SAMPLE_FASTQ_RNA_CAT_1_fastqc.zip",
                "fastqc/SAMPLE_FASTQ_RNA_CAT_2_fastqc.html",
                "fastqc/SAMPLE_FASTQ_RNA_CAT_2_fastqc.zip",
                "multiqc",
                "multiqc/multiqc_data",
                "multiqc/multiqc_data/fastqc-status-check-heatmap.txt",
                "multiqc/multiqc_data/fastqc_adapter_content_plot.txt",
                "multiqc/multiqc_data/fastqc_overrepresented_sequences_plot.txt",
                "multiqc/multiqc_data/fastqc_per_base_n_content_plot.txt",
                "multiqc/multiqc_data/fastqc_per_base_sequence_quality_plot.txt",
                "multiqc/multiqc_data/fastqc_per_sequence_gc_content_plot_Counts.txt",
                "multiqc/multiqc_data/fastqc_per_sequence_gc_content_plot_Percentages.txt",
                "multiqc/multiqc_data/fastqc_per_sequence_quality_scores_plot.txt",
                "multiqc/multiqc_data/fastqc_sequence_counts_plot.txt",
                "multiqc/multiqc_data/fastqc_sequence_duplication_levels_plot.txt",
                "multiqc/multiqc_data/fastqc_top_overrepresented_sequences_table.txt",
                "multiqc/multiqc_data/llms-full.txt",
                "multiqc/multiqc_data/multiqc.log",
                "multiqc/multiqc_data/multiqc.parquet",
                "multiqc/multiqc_data/multiqc_citations.txt",
                "multiqc/multiqc_data/multiqc_data.json",
                "multiqc/multiqc_data/multiqc_fastqc.txt",
                "multiqc/multiqc_data/multiqc_general_stats.txt",
                "multiqc/multiqc_data/multiqc_optitype.txt",
                "multiqc/multiqc_data/multiqc_software_versions.txt",
                "multiqc/multiqc_data/multiqc_sources.txt",
                "multiqc/multiqc_data/optitype_summary_plot.txt",
                "multiqc/multiqc_plots",
                "multiqc/multiqc_plots/pdf",
                "multiqc/multiqc_plots/pdf/fastqc-status-check-heatmap.pdf",
                "multiqc/multiqc_plots/pdf/fastqc_adapter_content_plot.pdf",
                "multiqc/multiqc_plots/pdf/fastqc_overrepresented_sequences_plot.pdf",
                "multiqc/multiqc_plots/pdf/fastqc_per_base_n_content_plot.pdf",
                "multiqc/multiqc_plots/pdf/fastqc_per_base_sequence_quality_plot.pdf",
                "multiqc/multiqc_plots/pdf/fastqc_per_sequence_gc_content_plot_Counts.pdf",
                "multiqc/multiqc_plots/pdf/fastqc_per_sequence_gc_content_plot_Percentages.pdf",
                "multiqc/multiqc_plots/pdf/fastqc_per_sequence_quality_scores_plot.pdf",
                "multiqc/multiqc_plots/pdf/fastqc_sequence_counts_plot-cnt.pdf",
                "multiqc/multiqc_plots/pdf/fastqc_sequence_counts_plot-pct.pdf",
                "multiqc/multiqc_plots/pdf/fastqc_sequence_duplication_levels_plot.pdf",
                "multiqc/multiqc_plots/pdf/fastqc_top_overrepresented_sequences_table.pdf",
                "multiqc/multiqc_plots/pdf/optitype_summary_plot.pdf",
                "multiqc/multiqc_plots/png",
                "multiqc/multiqc_plots/png/fastqc-status-check-heatmap.png",
                "multiqc/multiqc_plots/png/fastqc_adapter_content_plot.png",
                "multiqc/multiqc_plots/png/fastqc_overrepresented_sequences_plot.png",
                "multiqc/multiqc_plots/png/fastqc_per_base_n_content_plot.png",
                "multiqc/multiqc_plots/png/fastqc_per_base_sequence_quality_plot.png",
                "multiqc/multiqc_plots/png/fastqc_per_sequence_gc_content_plot_Counts.png",
                "multiqc/multiqc_plots/png/fastqc_per_sequence_gc_content_plot_Percentages.png",
                "multiqc/multiqc_plots/png/fastqc_per_sequence_quality_scores_plot.png",
                "multiqc/multiqc_plots/png/fastqc_sequence_counts_plot-cnt.png",
                "multiqc/multiqc_plots/png/fastqc_sequence_counts_plot-pct.png",
                "multiqc/multiqc_plots/png/fastqc_sequence_duplication_levels_plot.png",
                "multiqc/multiqc_plots/png/fastqc_top_overrepresented_sequences_table.png",
                "multiqc/multiqc_plots/png/optitype_summary_plot.png",
                "multiqc/multiqc_plots/svg",
                "multiqc/multiqc_plots/svg/fastqc-status-check-heatmap.svg",
                "multiqc/multiqc_plots/svg/fastqc_adapter_content_plot.svg",
                "multiqc/multiqc_plots/svg/fastqc_overrepresented_sequences_plot.svg",
                "multiqc/multiqc_plots/svg/fastqc_per_base_n_content_plot.svg",
                "multiqc/multiqc_plots/svg/fastqc_per_base_sequence_quality_plot.svg",
                "multiqc/multiqc_plots/svg/fastqc_per_sequence_gc_content_plot_Counts.svg",
                "multiqc/multiqc_plots/svg/fastqc_per_sequence_gc_content_plot_Percentages.svg",
                "multiqc/multiqc_plots/svg/fastqc_per_sequence_quality_scores_plot.svg",
                "multiqc/multiqc_plots/svg/fastqc_sequence_counts_plot-cnt.svg",
                "multiqc/multiqc_plots/svg/fastqc_sequence_counts_plot-pct.svg",
                "multiqc/multiqc_plots/svg/fastqc_sequence_duplication_levels_plot.svg",
                "multiqc/multiqc_plots/svg/fastqc_top_overrepresented_sequences_table.svg",
                "multiqc/multiqc_plots/svg/optitype_summary_plot.svg",
                "multiqc/multiqc_report.html",
                "optitype",
                "optitype/SAMPLE_FASTQ_CAT",
                "optitype/SAMPLE_FASTQ_CAT/SAMPLE_FASTQ_CAT_coverage_plot.pdf",
                "optitype/SAMPLE_FASTQ_CAT/SAMPLE_FASTQ_CAT_result.tsv",
                "optitype/SAMPLE_FASTQ_RNA_CAT",
                "optitype/SAMPLE_FASTQ_RNA_CAT/SAMPLE_FASTQ_RNA_CAT_coverage_plot.pdf",
                "optitype/SAMPLE_FASTQ_RNA_CAT/SAMPLE_FASTQ_RNA_CAT_result.tsv",
                "optitype/versions.yml",
                "pipeline_info",
                "pipeline_info/nf_core_hlatyping_software_mqc_versions.yml",
                "yara",
                "yara/SAMPLE_FASTQ_CAT",
                "yara/SAMPLE_FASTQ_CAT/SAMPLE_FASTQ_CAT_1.mapped.bam",
                "yara/SAMPLE_FASTQ_CAT/SAMPLE_FASTQ_CAT_1.mapped.bam.bai",
                "yara/SAMPLE_FASTQ_CAT/SAMPLE_FASTQ_CAT_2.mapped.bam",
                "yara/SAMPLE_FASTQ_CAT/SAMPLE_FASTQ_CAT_2.mapped.bam.bai",
                "yara/SAMPLE_FASTQ_CAT/versions.yml",
                "yara/SAMPLE_FASTQ_RNA_CAT",
                "yara/SAMPLE_FASTQ_RNA_CAT/SAMPLE_FASTQ_RNA_CAT_1.mapped.bam",
                "yara/SAMPLE_FASTQ_RNA_CAT/SAMPLE_FASTQ_RNA_CAT_1.mapped.bam.bai",
                "yara/SAMPLE_FASTQ_RNA_CAT/SAMPLE_FASTQ_RNA_CAT_2.mapped.bam",
                "yara/SAMPLE_FASTQ_RNA_CAT/SAMPLE_FASTQ_RNA_CAT_2.mapped.bam.bai",
                "yara/SAMPLE_FASTQ_RNA_CAT/versions.yml",
                "yara/hla_reference_dna.fasta.lf.drp",
                "yara/hla_reference_dna.fasta.lf.drs",
                "yara/hla_reference_dna.fasta.lf.drv",
                "yara/hla_reference_dna.fasta.lf.pst",
                "yara/hla_reference_dna.fasta.rid.concat",
                "yara/hla_reference_dna.fasta.rid.limits",
                "yara/hla_reference_dna.fasta.sa.ind",
                "yara/hla_reference_dna.fasta.sa.len",
                "yara/hla_reference_dna.fasta.sa.val",
                "yara/hla_reference_dna.fasta.txt.concat",
                "yara/hla_reference_dna.fasta.txt.limits",
                "yara/hla_reference_dna.fasta.txt.size",
                "yara/hla_reference_rna.fasta.lf.drp",
                "yara/hla_reference_rna.fasta.lf.drs",
                "yara/hla_reference_rna.fasta.lf.drv",
                "yara/hla_reference_rna.fasta.lf.pst",
                "yara/hla_reference_rna.fasta.rid.concat",
                "yara/hla_reference_rna.fasta.rid.limits",
                "yara/hla_reference_rna.fasta.sa.ind",
                "yara/hla_reference_rna.fasta.sa.len",
                "yara/hla_reference_rna.fasta.sa.val",
                "yara/hla_reference_rna.fasta.txt.concat",
                "yara/hla_reference_rna.fasta.txt.limits",
                "yara/hla_reference_rna.fasta.txt.size",
                "yara/versions.yml"
            ],
            [
                "versions.yml:md5,ca9029dc17c86cce8226ae4345c54112",
                "versions.yml:md5,3d67d5a34bf0044c6567763154ac1719",
                "versions.yml:md5,3d67d5a34bf0044c6567763154ac1719",
                "hla_reference_dna.fasta.lf.drp:md5,28d863bdb814bccb8212a7b451e2af0a",
                "hla_reference_dna.fasta.lf.drs:md5,8666683506aacd900bbd5a74ac4edf68",
                "hla_reference_dna.fasta.lf.drv:md5,98fa3e81b21cb85d1c9a7d701a831f0e",
                "hla_reference_dna.fasta.lf.pst:md5,7e4fafea7f4d82c0407316c624c91000",
                "hla_reference_dna.fasta.rid.concat:md5,d9a10cb0542c3d2b11b9f7ecc81cee1b",
                "hla_reference_dna.fasta.rid.limits:md5,167fc45e03c303ff240e0815511e3035",
                "hla_reference_dna.fasta.sa.ind:md5,f12fbb7fb0cca69fd5a6a38dbe1c6f7a",
                "hla_reference_dna.fasta.sa.len:md5,4649b6c24c69d4658c983376459d6e9e",
                "hla_reference_dna.fasta.sa.val:md5,a04df027b40bb0aa08dd61a765a79c02",
                "hla_reference_dna.fasta.txt.concat:md5,d9da1795da878cdaacf5e41d88732edf",
                "hla_reference_dna.fasta.txt.limits:md5,e84e544db01cc5090be2857f765a3f80",
                "hla_reference_dna.fasta.txt.size:md5,704808ea26959edde70643c8e44afeb0",
                "hla_reference_rna.fasta.lf.drp:md5,128d936b51ae31a29180daafcfcdd268",
                "hla_reference_rna.fasta.lf.drs:md5,8666683506aacd900bbd5a74ac4edf68",
                "hla_reference_rna.fasta.lf.drv:md5,2b70a39065cb4cebcb61c4fbe58ed80d",
                "hla_reference_rna.fasta.lf.pst:md5,c4953215c2d6ca2d0778f7beac6cb112",
                "hla_reference_rna.fasta.rid.concat:md5,265a1473f4582251df3a7e8cfac2c9d4",
                "hla_reference_rna.fasta.rid.limits:md5,fccc5296404a012cfd5f4b99242250db",
                "hla_reference_rna.fasta.sa.ind:md5,7a8a7f1ca8fbe7ee5409cf0a0337ad9c",
                "hla_reference_rna.fasta.sa.len:md5,a9b77a9d99a950a3e8ac16709144c6db",
                "hla_reference_rna.fasta.sa.val:md5,2aff12256a8f936264d0d843ccd2fd97",
                "hla_reference_rna.fasta.txt.concat:md5,d3975911cdc2d224763528f1a08773fe",
                "hla_reference_rna.fasta.txt.limits:md5,6be3fe29235eac6f36ecee28eba11697",
                "hla_reference_rna.fasta.txt.size:md5,5b932358d7f42f3a5b52a4e567020d85",
                "versions.yml:md5,988254b8cd0b353f40d0d3c3c955014a"
            ]
        ],
        "timestamp": "2026-04-28T14:57:26.132082318",
        "meta": {
            "nf-test": "0.9.5",
            "nextflow": "25.10.4"
        }
    }
}