{
    "-profile test_immunotype (stub)": {
        "content": [
            2,
            {
                "IMMUNOTYPE": {
                    "immunotype": "1.0.2"
                },
                "Workflow": {
                    "nf-core/hlatyping": "v2.2.0"
                }
            },
            [
                "fixtures",
                "fixtures/HepG2_A.tsv",
                "immunotype",
                "immunotype/HepG2_A_typing.tsv",
                "multiqc",
                "multiqc/multiqc_data",
                "multiqc/multiqc_plots",
                "multiqc/multiqc_report.html",
                "pipeline_info",
                "pipeline_info/nf_core_hlatyping_software_mqc_versions.yml",
                "samplesheet.csv"
            ],
            [
                "HepG2_A.tsv:md5,aad8a65612b176640916f0a7e26d247f",
                "HepG2_A_typing.tsv:md5,d41d8cd98f00b204e9800998ecf8427e",
                "samplesheet.csv:md5,88f0f56182bc71dada80bc0113467b86"
            ]
        ],
        "meta": {
            "nf-test": "0.9.3",
            "nextflow": "25.10.3"
        },
        "timestamp": "2026-04-23T13:18:59.438368848"
    }
}