{
    "-profile test_immunotype": {
        "content": [
            3,
            {
                "IMMUNOTYPE": {
                    "immunotype": "1.0.2"
                },
                "SUMMARIZE_TYPING": {
                    "mhcgnomes": "1.8.6"
                },
                "Workflow": {
                    "nf-core/hlatyping": "v2.2.0dev"
                }
            },
            [
                "hlatyping_results.tsv",
                "immunotype",
                "immunotype/HepG2_A_typing.tsv",
                "multiqc",
                "multiqc/multiqc_data",
                "multiqc/multiqc_data/llms-full.txt",
                "multiqc/multiqc_data/multiqc.log",
                "multiqc/multiqc_data/multiqc.parquet",
                "multiqc/multiqc_data/multiqc_citations.txt",
                "multiqc/multiqc_data/multiqc_data.json",
                "multiqc/multiqc_data/multiqc_software_versions.txt",
                "multiqc/multiqc_data/multiqc_sources.txt",
                "multiqc/multiqc_report.html",
                "pipeline_info",
                "pipeline_info/nf_core_hlatyping_software_mqc_versions.yml"
            ],
            [
                "HepG2_A_typing.tsv:md5,66ce514a1ba4d546083338b1629c1f9a"
            ]
        ],
        "timestamp": "2026-06-12T19:11:48.190801778",
        "meta": {
            "nf-test": "0.9.5",
            "nextflow": "25.10.4"
        }
    }
}