{
    "-profile test_mixed (stub) \u2014 each sample is typed by the tool that supports its input type": {
        "content": [
            14,
            {
                "BWA_INDEX": {
                    "bwa": "0.7.19-r1273"
                },
                "BWA_MEM": {
                    "bwa": "0.7.19-r1273",
                    "samtools": "1.22.1"
                },
                "FASTQC": {
                    "fastqc": "0.12.1"
                },
                "IMMUNOTYPE": {
                    "immunotype": "1.0.2"
                },
                "SAMTOOLS_FAIDX": {
                    "samtools": "1.23.1"
                },
                "SAMTOOLS_FLAGSTAT": {
                    "samtools": "1.23.1"
                },
                "SAMTOOLS_IDXSTATS": {
                    "samtools": "1.23.1"
                },
                "SAMTOOLS_INDEX": {
                    "samtools": "1.23.1"
                },
                "SAMTOOLS_SORT": {
                    "samtools": "1.23.1"
                },
                "SAMTOOLS_STATS": {
                    "samtools": "1.23.1"
                },
                "SPECHLA_EXTRACT": {
                    "spechla": "1.0.12"
                },
                "SPECHLA_TYPING": {
                    "spechla": "1.0.12"
                },
                "SUMMARIZE_TYPING": {
                    "mhcgnomes": "1.8.6"
                },
                "Workflow": {
                    "nf-core/hlatyping": "v2.2.0dev"
                }
            }
        ],
        "timestamp": "2026-07-09T20:44:20.813453556",
        "meta": {
            "nf-test": "0.9.5",
            "nextflow": "25.10.4"
        }
    }
}