{
    "-profile test_spechla": {
        "content": [
            9,
            {
                "CHECK_PAIRED": {
                    "samtools": "1.16.1"
                },
                "FASTQC": {
                    "fastqc": "0.12.1"
                },
                "SAMTOOLS_CAT": {
                    "samtools": "1.23.1"
                },
                "SAMTOOLS_COLLATEFASTQ": {
                    "samtools": "1.23.1"
                },
                "SAMTOOLS_COLLATEFASTQ_SPECHLA": {
                    "samtools": "1.23.1"
                },
                "SPECHLA_TYPING": {
                    "spechla": "1.0.11"
                },
                "Workflow": {
                    "nf-core/hlatyping": "v2.2.0dev"
                },
                "YARA_INDEX_SPECHLA": {
                    "yara": "1.0.2"
                },
                "YARA_MAPPER_SPECHLA": {
                    "yara": "1.0.2",
                    "samtools": "1.16.1"
                }
            },
            [
                "fastqc",
                "fastqc/SAMPLE_PAIRED_END_BAM_1_fastqc.html",
                "fastqc/SAMPLE_PAIRED_END_BAM_1_fastqc.zip",
                "fastqc/SAMPLE_PAIRED_END_BAM_2_fastqc.html",
                "fastqc/SAMPLE_PAIRED_END_BAM_2_fastqc.zip",
                "multiqc",
                "multiqc/multiqc_data",
                "multiqc/multiqc_data/fastqc-status-check-heatmap.txt",
                "multiqc/multiqc_data/fastqc_adapter_content_plot.txt",
                "multiqc/multiqc_data/fastqc_per_base_n_content_plot.txt",
                "multiqc/multiqc_data/fastqc_per_base_sequence_quality_plot.txt",
                "multiqc/multiqc_data/fastqc_per_sequence_gc_content_plot_Counts.txt",
                "multiqc/multiqc_data/fastqc_per_sequence_gc_content_plot_Percentages.txt",
                "multiqc/multiqc_data/fastqc_per_sequence_quality_scores_plot.txt",
                "multiqc/multiqc_data/fastqc_sequence_counts_plot.txt",
                "multiqc/multiqc_data/fastqc_sequence_duplication_levels_plot.txt",
                "multiqc/multiqc_data/llms-full.txt",
                "multiqc/multiqc_data/multiqc.log",
                "multiqc/multiqc_data/multiqc.parquet",
                "multiqc/multiqc_data/multiqc_citations.txt",
                "multiqc/multiqc_data/multiqc_data.json",
                "multiqc/multiqc_data/multiqc_fastqc.txt",
                "multiqc/multiqc_data/multiqc_general_stats.txt",
                "multiqc/multiqc_data/multiqc_software_versions.txt",
                "multiqc/multiqc_data/multiqc_sources.txt",
                "multiqc/multiqc_plots",
                "multiqc/multiqc_plots/pdf",
                "multiqc/multiqc_plots/pdf/fastqc-status-check-heatmap.pdf",
                "multiqc/multiqc_plots/pdf/fastqc_adapter_content_plot.pdf",
                "multiqc/multiqc_plots/pdf/fastqc_per_base_n_content_plot.pdf",
                "multiqc/multiqc_plots/pdf/fastqc_per_base_sequence_quality_plot.pdf",
                "multiqc/multiqc_plots/pdf/fastqc_per_sequence_gc_content_plot_Counts.pdf",
                "multiqc/multiqc_plots/pdf/fastqc_per_sequence_gc_content_plot_Percentages.pdf",
                "multiqc/multiqc_plots/pdf/fastqc_per_sequence_quality_scores_plot.pdf",
                "multiqc/multiqc_plots/pdf/fastqc_sequence_counts_plot-cnt.pdf",
                "multiqc/multiqc_plots/pdf/fastqc_sequence_counts_plot-pct.pdf",
                "multiqc/multiqc_plots/pdf/fastqc_sequence_duplication_levels_plot.pdf",
                "multiqc/multiqc_plots/png",
                "multiqc/multiqc_plots/png/fastqc-status-check-heatmap.png",
                "multiqc/multiqc_plots/png/fastqc_adapter_content_plot.png",
                "multiqc/multiqc_plots/png/fastqc_per_base_n_content_plot.png",
                "multiqc/multiqc_plots/png/fastqc_per_base_sequence_quality_plot.png",
                "multiqc/multiqc_plots/png/fastqc_per_sequence_gc_content_plot_Counts.png",
                "multiqc/multiqc_plots/png/fastqc_per_sequence_gc_content_plot_Percentages.png",
                "multiqc/multiqc_plots/png/fastqc_per_sequence_quality_scores_plot.png",
                "multiqc/multiqc_plots/png/fastqc_sequence_counts_plot-cnt.png",
                "multiqc/multiqc_plots/png/fastqc_sequence_counts_plot-pct.png",
                "multiqc/multiqc_plots/png/fastqc_sequence_duplication_levels_plot.png",
                "multiqc/multiqc_plots/svg",
                "multiqc/multiqc_plots/svg/fastqc-status-check-heatmap.svg",
                "multiqc/multiqc_plots/svg/fastqc_adapter_content_plot.svg",
                "multiqc/multiqc_plots/svg/fastqc_per_base_n_content_plot.svg",
                "multiqc/multiqc_plots/svg/fastqc_per_base_sequence_quality_plot.svg",
                "multiqc/multiqc_plots/svg/fastqc_per_sequence_gc_content_plot_Counts.svg",
                "multiqc/multiqc_plots/svg/fastqc_per_sequence_gc_content_plot_Percentages.svg",
                "multiqc/multiqc_plots/svg/fastqc_per_sequence_quality_scores_plot.svg",
                "multiqc/multiqc_plots/svg/fastqc_sequence_counts_plot-cnt.svg",
                "multiqc/multiqc_plots/svg/fastqc_sequence_counts_plot-pct.svg",
                "multiqc/multiqc_plots/svg/fastqc_sequence_duplication_levels_plot.svg",
                "multiqc/multiqc_report.html",
                "pipeline_info",
                "pipeline_info/nf_core_hlatyping_software_mqc_versions.yml",
                "spechla",
                "spechla/SAMPLE_PAIRED_END_BAM",
                "spechla/SAMPLE_PAIRED_END_BAM/HLA_A_break_points_spechap.txt",
                "spechla/SAMPLE_PAIRED_END_BAM/HLA_A_freq.txt",
                "spechla/SAMPLE_PAIRED_END_BAM/HLA_B_freq.txt",
                "spechla/SAMPLE_PAIRED_END_BAM/HLA_C_freq.txt",
                "spechla/SAMPLE_PAIRED_END_BAM/HLA_DPA1_break_points_spechap.txt",
                "spechla/SAMPLE_PAIRED_END_BAM/HLA_DPA1_freq.txt",
                "spechla/SAMPLE_PAIRED_END_BAM/HLA_DPB1_freq.txt",
                "spechla/SAMPLE_PAIRED_END_BAM/HLA_DQA1_break_points_spechap.txt",
                "spechla/SAMPLE_PAIRED_END_BAM/HLA_DQA1_freq.txt",
                "spechla/SAMPLE_PAIRED_END_BAM/HLA_DQB1_break_points_spechap.txt",
                "spechla/SAMPLE_PAIRED_END_BAM/HLA_DQB1_freq.txt",
                "spechla/SAMPLE_PAIRED_END_BAM/HLA_DRB1_break_points_spechap.txt",
                "spechla/SAMPLE_PAIRED_END_BAM/HLA_DRB1_freq.txt",
                "spechla/SAMPLE_PAIRED_END_BAM/hla.allele.1.HLA_A.fasta",
                "spechla/SAMPLE_PAIRED_END_BAM/hla.allele.1.HLA_B.fasta",
                "spechla/SAMPLE_PAIRED_END_BAM/hla.allele.1.HLA_C.fasta",
                "spechla/SAMPLE_PAIRED_END_BAM/hla.allele.1.HLA_DPA1.fasta",
                "spechla/SAMPLE_PAIRED_END_BAM/hla.allele.1.HLA_DPB1.fasta",
                "spechla/SAMPLE_PAIRED_END_BAM/hla.allele.1.HLA_DQA1.fasta",
                "spechla/SAMPLE_PAIRED_END_BAM/hla.allele.1.HLA_DQB1.fasta",
                "spechla/SAMPLE_PAIRED_END_BAM/hla.allele.1.HLA_DRB1.fasta",
                "spechla/SAMPLE_PAIRED_END_BAM/hla.allele.2.HLA_A.fasta",
                "spechla/SAMPLE_PAIRED_END_BAM/hla.allele.2.HLA_B.fasta",
                "spechla/SAMPLE_PAIRED_END_BAM/hla.allele.2.HLA_C.fasta",
                "spechla/SAMPLE_PAIRED_END_BAM/hla.allele.2.HLA_DPA1.fasta",
                "spechla/SAMPLE_PAIRED_END_BAM/hla.allele.2.HLA_DPB1.fasta",
                "spechla/SAMPLE_PAIRED_END_BAM/hla.allele.2.HLA_DQA1.fasta",
                "spechla/SAMPLE_PAIRED_END_BAM/hla.allele.2.HLA_DQB1.fasta",
                "spechla/SAMPLE_PAIRED_END_BAM/hla.allele.2.HLA_DRB1.fasta",
                "spechla/SAMPLE_PAIRED_END_BAM/hla.result.details.txt",
                "spechla/SAMPLE_PAIRED_END_BAM/hla.result.g.group.txt",
                "spechla/SAMPLE_PAIRED_END_BAM/hla.result.txt",
                "spechla/SAMPLE_PAIRED_END_BAM/result.HLA_A.fasta",
                "spechla/SAMPLE_PAIRED_END_BAM/result.HLA_DPA1.fasta",
                "spechla/SAMPLE_PAIRED_END_BAM/result.HLA_DQA1.fasta",
                "spechla/SAMPLE_PAIRED_END_BAM/result.HLA_DQB1.fasta",
                "spechla/SAMPLE_PAIRED_END_BAM/result.HLA_DRB1.fasta"
            ],
            [
                
            ]
        ],
        "timestamp": "2026-05-21T09:30:44.785501043",
        "meta": {
            "nf-test": "0.9.5",
            "nextflow": "25.10.4"
        }
    },
    "-profile test_spechla (stub)": {
        "content": [
            9,
            {
                "CHECK_PAIRED": {
                    "samtools": "1.16.1"
                },
                "FASTQC": {
                    "fastqc": "0.12.1"
                },
                "SAMTOOLS_CAT": {
                    "samtools": "1.23.1"
                },
                "SAMTOOLS_COLLATEFASTQ": {
                    "samtools": "1.23.1"
                },
                "SAMTOOLS_COLLATEFASTQ_SPECHLA": {
                    "samtools": "1.23.1"
                },
                "SPECHLA_TYPING": {
                    "spechla": "1.0.11"
                },
                "Workflow": {
                    "nf-core/hlatyping": "v2.2.0dev"
                },
                "YARA_INDEX_SPECHLA": {
                    "yara": "1.0.2"
                },
                "YARA_MAPPER_SPECHLA": {
                    "yara": "1.0.2",
                    "samtools": "1.16.1"
                }
            },
            [
                "fastqc",
                "fastqc/SAMPLE_PAIRED_END_BAM.html",
                "fastqc/SAMPLE_PAIRED_END_BAM.zip",
                "multiqc",
                "multiqc/multiqc_data",
                "multiqc/multiqc_data/.stub",
                "multiqc/multiqc_plots",
                "multiqc/multiqc_plots/.stub",
                "multiqc/multiqc_report.html",
                "pipeline_info",
                "pipeline_info/nf_core_hlatyping_software_mqc_versions.yml",
                "spechla",
                "spechla/SAMPLE_PAIRED_END_BAM",
                "spechla/SAMPLE_PAIRED_END_BAM/hla.result.details.txt",
                "spechla/SAMPLE_PAIRED_END_BAM/hla.result.txt"
            ],
            [
                "SAMPLE_PAIRED_END_BAM.html:md5,d41d8cd98f00b204e9800998ecf8427e",
                "SAMPLE_PAIRED_END_BAM.zip:md5,d41d8cd98f00b204e9800998ecf8427e",
                ".stub:md5,d41d8cd98f00b204e9800998ecf8427e",
                ".stub:md5,d41d8cd98f00b204e9800998ecf8427e"
            ]
        ],
        "timestamp": "2026-05-21T09:32:56.738716575",
        "meta": {
            "nf-test": "0.9.5",
            "nextflow": "25.10.4"
        }
    }
}